C:/Users/Youcef Ali/STM32Cube/Repository/STM32Cube_FW_L4_V1.17.1/Projects/B-L475E-IOT01A/Applications/Proximity/Src/main.c:283:10:Serial_Scanf	8	static
C:/Users/Youcef Ali/STM32Cube/Repository/STM32Cube_FW_L4_V1.17.1/Projects/B-L475E-IOT01A/Applications/Proximity/Src/main.c:168:6:Proximity_Test	496	static
C:/Users/Youcef Ali/STM32Cube/Repository/STM32Cube_FW_L4_V1.17.1/Projects/B-L475E-IOT01A/Applications/Proximity/Src/main.c:64:5:main	96	static
C:/Users/Youcef Ali/STM32Cube/Repository/STM32Cube_FW_L4_V1.17.1/Projects/B-L475E-IOT01A/Applications/Proximity/Src/main.c:302:1:__io_putchar	16	static
C:/Users/Youcef Ali/STM32Cube/Repository/STM32Cube_FW_L4_V1.17.1/Projects/B-L475E-IOT01A/Applications/Proximity/Src/main.c:318:1:__io_getchar	16	static
C:/Users/Youcef Ali/STM32Cube/Repository/STM32Cube_FW_L4_V1.17.1/Projects/B-L475E-IOT01A/Applications/Proximity/Src/main.c:335:6:Error_Handler	8	static
