Archive member included to satisfy reference by file (symbol)

c:/st/stm32cubeide_1.9.0/stm32cubeide/plugins/com.st.stm32cube.ide.mcu.externaltools.gnu-tools-for-stm32.10.3-2021.10.win32_1.0.0.202111181127/tools/bin/../lib/gcc/arm-none-eabi/10.3.1/../../../../arm-none-eabi/lib/thumb/v7e-m+fp/hard\libc_nano.a(lib_a-errno.o)
                              ./Application/SW4STM32/syscalls.o (__errno)
c:/st/stm32cubeide_1.9.0/stm32cubeide/plugins/com.st.stm32cube.ide.mcu.externaltools.gnu-tools-for-stm32.10.3-2021.10.win32_1.0.0.202111181127/tools/bin/../lib/gcc/arm-none-eabi/10.3.1/../../../../arm-none-eabi/lib/thumb/v7e-m+fp/hard\libc_nano.a(lib_a-exit.o)
                              c:/st/stm32cubeide_1.9.0/stm32cubeide/plugins/com.st.stm32cube.ide.mcu.externaltools.gnu-tools-for-stm32.10.3-2021.10.win32_1.0.0.202111181127/tools/bin/../lib/gcc/arm-none-eabi/10.3.1/../../../../arm-none-eabi/lib/thumb/v7e-m+fp/hard/crt0.o (exit)
c:/st/stm32cubeide_1.9.0/stm32cubeide/plugins/com.st.stm32cube.ide.mcu.externaltools.gnu-tools-for-stm32.10.3-2021.10.win32_1.0.0.202111181127/tools/bin/../lib/gcc/arm-none-eabi/10.3.1/../../../../arm-none-eabi/lib/thumb/v7e-m+fp/hard\libc_nano.a(lib_a-getchar.o)
                              ./Application/User/main.o (getchar)
c:/st/stm32cubeide_1.9.0/stm32cubeide/plugins/com.st.stm32cube.ide.mcu.externaltools.gnu-tools-for-stm32.10.3-2021.10.win32_1.0.0.202111181127/tools/bin/../lib/gcc/arm-none-eabi/10.3.1/../../../../arm-none-eabi/lib/thumb/v7e-m+fp/hard\libc_nano.a(lib_a-impure.o)
                              c:/st/stm32cubeide_1.9.0/stm32cubeide/plugins/com.st.stm32cube.ide.mcu.externaltools.gnu-tools-for-stm32.10.3-2021.10.win32_1.0.0.202111181127/tools/bin/../lib/gcc/arm-none-eabi/10.3.1/../../../../arm-none-eabi/lib/thumb/v7e-m+fp/hard\libc_nano.a(lib_a-exit.o) (_global_impure_ptr)
c:/st/stm32cubeide_1.9.0/stm32cubeide/plugins/com.st.stm32cube.ide.mcu.externaltools.gnu-tools-for-stm32.10.3-2021.10.win32_1.0.0.202111181127/tools/bin/../lib/gcc/arm-none-eabi/10.3.1/../../../../arm-none-eabi/lib/thumb/v7e-m+fp/hard\libc_nano.a(lib_a-init.o)
                              c:/st/stm32cubeide_1.9.0/stm32cubeide/plugins/com.st.stm32cube.ide.mcu.externaltools.gnu-tools-for-stm32.10.3-2021.10.win32_1.0.0.202111181127/tools/bin/../lib/gcc/arm-none-eabi/10.3.1/../../../../arm-none-eabi/lib/thumb/v7e-m+fp/hard/crt0.o (__libc_init_array)
c:/st/stm32cubeide_1.9.0/stm32cubeide/plugins/com.st.stm32cube.ide.mcu.externaltools.gnu-tools-for-stm32.10.3-2021.10.win32_1.0.0.202111181127/tools/bin/../lib/gcc/arm-none-eabi/10.3.1/../../../../arm-none-eabi/lib/thumb/v7e-m+fp/hard\libc_nano.a(lib_a-memcpy-stub.o)
                              ./Application/User/main.o (memcpy)
c:/st/stm32cubeide_1.9.0/stm32cubeide/plugins/com.st.stm32cube.ide.mcu.externaltools.gnu-tools-for-stm32.10.3-2021.10.win32_1.0.0.202111181127/tools/bin/../lib/gcc/arm-none-eabi/10.3.1/../../../../arm-none-eabi/lib/thumb/v7e-m+fp/hard\libc_nano.a(lib_a-memset.o)
                              c:/st/stm32cubeide_1.9.0/stm32cubeide/plugins/com.st.stm32cube.ide.mcu.externaltools.gnu-tools-for-stm32.10.3-2021.10.win32_1.0.0.202111181127/tools/bin/../lib/gcc/arm-none-eabi/10.3.1/../../../../arm-none-eabi/lib/thumb/v7e-m+fp/hard/crt0.o (memset)
c:/st/stm32cubeide_1.9.0/stm32cubeide/plugins/com.st.stm32cube.ide.mcu.externaltools.gnu-tools-for-stm32.10.3-2021.10.win32_1.0.0.202111181127/tools/bin/../lib/gcc/arm-none-eabi/10.3.1/../../../../arm-none-eabi/lib/thumb/v7e-m+fp/hard\libc_nano.a(lib_a-printf.o)
                              ./Application/User/main.o (printf)
c:/st/stm32cubeide_1.9.0/stm32cubeide/plugins/com.st.stm32cube.ide.mcu.externaltools.gnu-tools-for-stm32.10.3-2021.10.win32_1.0.0.202111181127/tools/bin/../lib/gcc/arm-none-eabi/10.3.1/../../../../arm-none-eabi/lib/thumb/v7e-m+fp/hard\libc_nano.a(lib_a-puts.o)
                              ./Application/User/vl53l0x/vl53l0x_tof.o (puts)
c:/st/stm32cubeide_1.9.0/stm32cubeide/plugins/com.st.stm32cube.ide.mcu.externaltools.gnu-tools-for-stm32.10.3-2021.10.win32_1.0.0.202111181127/tools/bin/../lib/gcc/arm-none-eabi/10.3.1/../../../../arm-none-eabi/lib/thumb/v7e-m+fp/hard\libc_nano.a(lib_a-strcpy.o)
                              ./Application/User/vl53l0x/vl53l0x_api_core.o (strcpy)
c:/st/stm32cubeide_1.9.0/stm32cubeide/plugins/com.st.stm32cube.ide.mcu.externaltools.gnu-tools-for-stm32.10.3-2021.10.win32_1.0.0.202111181127/tools/bin/../lib/gcc/arm-none-eabi/10.3.1/../../../../arm-none-eabi/lib/thumb/v7e-m+fp/hard\libc_nano.a(lib_a-wbuf.o)
                              c:/st/stm32cubeide_1.9.0/stm32cubeide/plugins/com.st.stm32cube.ide.mcu.externaltools.gnu-tools-for-stm32.10.3-2021.10.win32_1.0.0.202111181127/tools/bin/../lib/gcc/arm-none-eabi/10.3.1/../../../../arm-none-eabi/lib/thumb/v7e-m+fp/hard\libc_nano.a(lib_a-puts.o) (__swbuf_r)
[...]
Memory Configuration

Name             Origin             Length             Attributes
RAM              0x0000000020000000 0x0000000000018000 xrw
RAM2             0x0000000010000000 0x0000000000008000 xrw
FLASH            0x0000000008000000 0x0000000000100000 xr
*default*        0x0000000000000000 0xffffffffffffffff

Linker script and memory map

LOAD c:/st/stm32cubeide_1.9.0/stm32cubeide/plugins/com.st.stm32cube.ide.mcu.externaltools.gnu-tools-for-stm32.10.3-2021.10.win32_1.0.0.202111181127/tools/bin/../lib/gcc/arm-none-eabi/10.3.1/thumb/v7e-m+fp/hard/crti.o
LOAD c:/st/stm32cubeide_1.9.0/stm32cubeide/plugins/com.st.stm32cube.ide.mcu.externaltools.gnu-tools-for-stm32.10.3-2021.10.win32_1.0.0.202111181127/tools/bin/../lib/gcc/arm-none-eabi/10.3.1/thumb/v7e-m+fp/hard/crtbegin.o
LOAD c:/st/stm32cubeide_1.9.0/stm32cubeide/plugins/com.st.stm32cube.ide.mcu.externaltools.gnu-tools-for-stm32.10.3-2021.10.win32_1.0.0.202111181127/tools/bin/../lib/gcc/arm-none-eabi/10.3.1/../../../../arm-none-eabi/lib/thumb/v7e-m+fp/hard/crt0.o
LOAD ./Application/SW4STM32/startup_stm32l475xx.o
LOAD ./Application/SW4STM32/syscalls.o
LOAD ./Application/User/main.o
LOAD ./Application/User/stm32l4xx_it.o
LOAD ./Application/User/vl53l0x/vl53l0x_api.o
LOAD ./Application/User/vl53l0x/vl53l0x_api_calibration.o
LOAD ./Application/User/vl53l0x/vl53l0x_api_core.o
LOAD ./Application/User/vl53l0x/vl53l0x_api_ranging.o
LOAD ./Application/User/vl53l0x/vl53l0x_api_strings.o
LOAD ./Application/User/vl53l0x/vl53l0x_platform_log.o
LOAD ./Application/User/vl53l0x/vl53l0x_tof.o
LOAD ./Drivers/BSP/B-L475E-IOT01/stm32l475e_iot01.o
LOAD ./Drivers/CMSIS/system_stm32l4xx.o
LOAD ./Drivers/STM32L4xx_HAL_Driver/stm32l4xx_hal.o
LOAD ./Drivers/STM32L4xx_HAL_Driver/stm32l4xx_hal_cortex.o
LOAD ./Drivers/STM32L4xx_HAL_Driver/stm32l4xx_hal_dfsdm.o
LOAD ./Drivers/STM32L4xx_HAL_Driver/stm32l4xx_hal_dma.o
LOAD ./Drivers/STM32L4xx_HAL_Driver/stm32l4xx_hal_flash.o
LOAD ./Drivers/STM32L4xx_HAL_Driver/stm32l4xx_hal_flash_ex.o
LOAD ./Drivers/STM32L4xx_HAL_Driver/stm32l4xx_hal_flash_ramfunc.o
LOAD ./Drivers/STM32L4xx_HAL_Driver/stm32l4xx_hal_gpio.o
LOAD ./Drivers/STM32L4xx_HAL_Driver/stm32l4xx_hal_i2c.o
LOAD ./Drivers/STM32L4xx_HAL_Driver/stm32l4xx_hal_i2c_ex.o
LOAD ./Drivers/STM32L4xx_HAL_Driver/stm32l4xx_hal_pwr.o
LOAD ./Drivers/STM32L4xx_HAL_Driver/stm32l4xx_hal_pwr_ex.o
LOAD ./Drivers/STM32L4xx_HAL_Driver/stm32l4xx_hal_rcc.o
LOAD ./Drivers/STM32L4xx_HAL_Driver/stm32l4xx_hal_rcc_ex.o
LOAD ./Drivers/STM32L4xx_HAL_Driver/stm32l4xx_hal_uart.o
LOAD ./Drivers/STM32L4xx_HAL_Driver/stm32l4xx_hal_uart_ex.o
START GROUP
LOAD c:/st/stm32cubeide_1.9.0/stm32cubeide/plugins/com.st.stm32cube.ide.mcu.externaltools.gnu-tools-for-stm32.10.3-2021.10.win32_1.0.0.202111181127/tools/bin/../lib/gcc/arm-none-eabi/10.3.1/../../../../arm-none-eabi/lib/thumb/v7e-m+fp/hard\libc_nano.a
LOAD c:/st/stm32cubeide_1.9.0/stm32cubeide/plugins/com.st.stm32cube.ide.mcu.externaltools.gnu-tools-for-stm32.10.3-2021.10.win32_1.0.0.202111181127/tools/bin/../lib/gcc/arm-none-eabi/10.3.1/../../../../arm-none-eabi/lib/thumb/v7e-m+fp/hard\libm.a
END GROUP
START GROUP
LOAD c:/st/stm32cubeide_1.9.0/stm32cubeide/plugins/com.st.stm32cube.ide.mcu.externaltools.gnu-tools-for-stm32.10.3-2021.10.win32_1.0.0.202111181127/tools/bin/../lib/gcc/arm-none-eabi/10.3.1/thumb/v7e-m+fp/hard\libgcc.a
LOAD c:/st/stm32cubeide_1.9.0/stm32cubeide/plugins/com.st.stm32cube.ide.mcu.externaltools.gnu-tools-for-stm32.10.3-2021.10.win32_1.0.0.202111181127/tools/bin/../lib/gcc/arm-none-eabi/10.3.1/../../../../arm-none-eabi/lib/thumb/v7e-m+fp/hard\libc_nano.a
END GROUP
START GROUP
LOAD c:/st/stm32cubeide_1.9.0/stm32cubeide/plugins/com.st.stm32cube.ide.mcu.externaltools.gnu-tools-for-stm32.10.3-2021.10.win32_1.0.0.202111181127/tools/bin/../lib/gcc/arm-none-eabi/10.3.1/thumb/v7e-m+fp/hard\libgcc.a
LOAD c:/st/stm32cubeide_1.9.0/stm32cubeide/plugins/com.st.stm32cube.ide.mcu.externaltools.gnu-tools-for-stm32.10.3-2021.10.win32_1.0.0.202111181127/tools/bin/../lib/gcc/arm-none-eabi/10.3.1/../../../../arm-none-eabi/lib/thumb/v7e-m+fp/hard\libc_nano.a
LOAD c:/st/stm32cubeide_1.9.0/stm32cubeide/plugins/com.st.stm32cube.ide.mcu.externaltools.gnu-tools-for-stm32.10.3-2021.10.win32_1.0.0.202111181127/tools/bin/../lib/gcc/arm-none-eabi/10.3.1/../../../../arm-none-eabi/lib/thumb/v7e-m+fp/hard\libnosys.a
END GROUP
START GROUP
LOAD c:/st/stm32cubeide_1.9.0/stm32cubeide/plugins/com.st.stm32cube.ide.mcu.externaltools.gnu-tools-for-stm32.10.3-2021.10.win32_1.0.0.202111181127/tools/bin/../lib/gcc/arm-none-eabi/10.3.1/thumb/v7e-m+fp/hard\libgcc.a
LOAD c:/st/stm32cubeide_1.9.0/stm32cubeide/plugins/com.st.stm32cube.ide.mcu.externaltools.gnu-tools-for-stm32.10.3-2021.10.win32_1.0.0.202111181127/tools/bin/../lib/gcc/arm-none-eabi/10.3.1/../../../../arm-none-eabi/lib/thumb/v7e-m+fp/hard\libc_nano.a
LOAD c:/st/stm32cubeide_1.9.0/stm32cubeide/plugins/com.st.stm32cube.ide.mcu.externaltools.gnu-tools-for-stm32.10.3-2021.10.win32_1.0.0.202111181127/tools/bin/../lib/gcc/arm-none-eabi/10.3.1/../../../../arm-none-eabi/lib/thumb/v7e-m+fp/hard\libnosys.a
END GROUP
LOAD c:/st/stm32cubeide_1.9.0/stm32cubeide/plugins/com.st.stm32cube.ide.mcu.externaltools.gnu-tools-for-stm32.10.3-2021.10.win32_1.0.0.202111181127/tools/bin/../lib/gcc/arm-none-eabi/10.3.1/thumb/v7e-m+fp/hard/crtend.o
LOAD c:/st/stm32cubeide_1.9.0/stm32cubeide/plugins/com.st.stm32cube.ide.mcu.externaltools.gnu-tools-for-stm32.10.3-2021.10.win32_1.0.0.202111181127/tools/bin/../lib/gcc/arm-none-eabi/10.3.1/thumb/v7e-m+fp/hard/crtn.o
                0x0000000020018000                _estack = 0x20018000
                0x0000000000010000                _Min_Heap_Size = 0x10000
                0x0000000000007000                _Min_Stack_Size = 0x7000

.isr_vector     0x0000000008000000      0x188
                0x0000000008000000                . = ALIGN (0x8)
 *(.isr_vector)
 .isr_vector    0x0000000008000000      0x188 ./Application/SW4STM32/startup_stm32l475xx.o
                0x0000000008000000                g_pfnVectors
                0x0000000008000188                . = ALIGN (0x8)

.text           0x0000000008000190     0x5bd8
                0x0000000008000190                . = ALIGN (0x8)
 *(.text)
 .text          0x0000000008000190       0x40 c:/st/stm32cubeide_1.9.0/stm32cubeide/plugins/com.st.stm32cube.ide.mcu.externaltools.gnu-tools-for-stm32.10.3-2021.10.win32_1.0.0.202111181127/tools/bin/../lib/gcc/arm-none-eabi/10.3.1/thumb/v7e-m+fp/hard/crtbegin.o
 .text          0x00000000080001d0       0xa0 c:/st/stm32cubeide_1.9.0/stm32cubeide/plugins/com.st.stm32cube.ide.mcu.externaltools.gnu-tools-for-stm32.10.3-2021.10.win32_1.0.0.202111181127/tools/bin/../lib/gcc/arm-none-eabi/10.3.1/../../../../arm-none-eabi/lib/thumb/v7e-m+fp/hard\libc_nano.a(lib_a-memchr.o)
                0x00000000080001d0                memchr
 .text          0x0000000008000270       0x30 c:/st/stm32cubeide_1.9.0/stm32cubeide/plugins/com.st.stm32cube.ide.mcu.externaltools.gnu-tools-for-stm32.10.3-2021.10.win32_1.0.0.202111181127/tools/bin/../lib/gcc/arm-none-eabi/10.3.1/thumb/v7e-m+fp/hard\libgcc.a(_aeabi_uldivmod.o)
                0x0000000008000270                __aeabi_uldivmod
 .text          0x00000000080002a0      0x2d0 c:/st/stm32cubeide_1.9.0/stm32cubeide/plugins/com.st.stm32cube.ide.mcu.externaltools.gnu-tools-for-stm32.10.3-2021.10.win32_1.0.0.202111181127/tools/bin/../lib/gcc/arm-none-eabi/10.3.1/thumb/v7e-m+fp/hard\libgcc.a(_udivmoddi4.o)
                0x00000000080002a0                __udivmoddi4
 .text          0x0000000008000570        0x4 c:/st/stm32cubeide_1.9.0/stm32cubeide/plugins/com.st.stm32cube.ide.mcu.externaltools.gnu-tools-for-stm32.10.3-2021.10.win32_1.0.0.202111181127/tools/bin/../lib/gcc/arm-none-eabi/10.3.1/thumb/v7e-m+fp/hard\libgcc.a(_dvmd_tls.o)
                0x0000000008000570                __aeabi_idiv0
                0x0000000008000570                __aeabi_ldiv0
 *(.text*)
 .text.Reset_Handler
                0x0000000008000574       0x50 ./Application/SW4STM32/startup_stm32l475xx.o
                0x0000000008000574                Reset_Handler
 .text.Default_Handler
                0x00000000080005c4        0x2 ./Application/SW4STM32/startup_stm32l475xx.o
                0x00000000080005c4                RTC_Alarm_IRQHandler
                0x00000000080005c4                EXTI2_IRQHandler
                0x00000000080005c4                TIM8_TRG_COM_IRQHandler
                0x00000000080005c4                TIM8_CC_IRQHandler
                0x00000000080005c4                TIM1_CC_IRQHandler
                0x00000000080005c4                TSC_IRQHandler
                0x00000000080005c4                TAMP_STAMP_IRQHandler
                0x00000000080005c4                EXTI3_IRQHandler
                0x00000000080005c4                LPTIM2_IRQHandler
                0x00000000080005c4                DFSDM1_FLT1_IRQHandler
                0x00000000080005c4                I2C3_ER_IRQHandler
                0x00000000080005c4                DFSDM1_FLT2_IRQHandler
                0x00000000080005c4                EXTI0_IRQHandler
                0x00000000080005c4                I2C2_EV_IRQHandler
                0x00000000080005c4                CAN1_RX0_IRQHandler
                0x00000000080005c4                FPU_IRQHandler
                0x00000000080005c4                TIM1_UP_TIM16_IRQHandler
                0x00000000080005c4                ADC1_2_IRQHandler
                0x00000000080005c4                SPI1_IRQHandler
                0x00000000080005c4                TIM6_DAC_IRQHandler
                0x00000000080005c4                TIM8_UP_IRQHandler
                0x00000000080005c4                DMA2_Channel2_IRQHandler
                0x00000000080005c4                DMA1_Channel4_IRQHandler
                0x00000000080005c4                SAI2_IRQHandler
                0x00000000080005c4                DFSDM1_FLT3_IRQHandler
                0x00000000080005c4                USART3_IRQHandler
                0x00000000080005c4                DMA1_Channel7_IRQHandler
                0x00000000080005c4                CAN1_RX1_IRQHandler
                0x00000000080005c4                UART5_IRQHandler
                0x00000000080005c4                ADC3_IRQHandler
                0x00000000080005c4                TIM4_IRQHandler
                0x00000000080005c4                DMA2_Channel1_IRQHandler
                0x00000000080005c4                QUADSPI_IRQHandler
                0x00000000080005c4                I2C1_EV_IRQHandler
                0x00000000080005c4                DMA1_Channel6_IRQHandler
                0x00000000080005c4                UART4_IRQHandler
                0x00000000080005c4                DMA2_Channel4_IRQHandler
                0x00000000080005c4                TIM3_IRQHandler
                0x00000000080005c4                RCC_IRQHandler
                0x00000000080005c4                DMA1_Channel1_IRQHandler
                0x00000000080005c4                Default_Handler
                0x00000000080005c4                DMA2_Channel7_IRQHandler
                0x00000000080005c4                EXTI15_10_IRQHandler
                0x00000000080005c4                TIM7_IRQHandler
                0x00000000080005c4                SDMMC1_IRQHandler
                0x00000000080005c4                TIM5_IRQHandler
                0x00000000080005c4                I2C3_EV_IRQHandler
                0x00000000080005c4                EXTI9_5_IRQHandler
                0x00000000080005c4                RTC_WKUP_IRQHandler
                0x00000000080005c4                PVD_PVM_IRQHandler
                0x00000000080005c4                SPI2_IRQHandler
                0x00000000080005c4                CAN1_TX_IRQHandler
                0x00000000080005c4                DMA2_Channel5_IRQHandler
                0x00000000080005c4                DMA1_Channel5_IRQHandler
                0x00000000080005c4                EXTI4_IRQHandler
                0x00000000080005c4                RNG_IRQHandler
                0x00000000080005c4                TIM1_TRG_COM_TIM17_IRQHandler
                0x00000000080005c4                DMA1_Channel3_IRQHandler
                0x00000000080005c4                COMP_IRQHandler
                0x00000000080005c4                WWDG_IRQHandler
                0x00000000080005c4                LPUART1_IRQHandler
                0x00000000080005c4                DMA2_Channel6_IRQHandler
                0x00000000080005c4                TIM2_IRQHandler
                0x00000000080005c4                EXTI1_IRQHandler
                0x00000000080005c4                USART2_IRQHandler
                0x00000000080005c4                DFSDM1_FLT0_IRQHandler
                0x00000000080005c4                I2C2_ER_IRQHandler
                0x00000000080005c4                DMA1_Channel2_IRQHandler
                0x00000000080005c4                TIM8_BRK_IRQHandler
                0x00000000080005c4                CAN1_SCE_IRQHandler
                0x00000000080005c4                FLASH_IRQHandler
                0x00000000080005c4                USART1_IRQHandler
                0x00000000080005c4                OTG_FS_IRQHandler
                0x00000000080005c4                SPI3_IRQHandler
                0x00000000080005c4                I2C1_ER_IRQHandler
                0x00000000080005c4                FMC_IRQHandler
                0x00000000080005c4                SWPMI1_IRQHandler
                0x00000000080005c4                LPTIM1_IRQHandler
                0x00000000080005c4                SAI1_IRQHandler
                0x00000000080005c4                DMA2_Channel3_IRQHandler
                0x00000000080005c4                TIM1_BRK_TIM15_IRQHandler
 .text._read    0x00000000080005c6        0xe ./Application/SW4STM32/syscalls.o
                0x00000000080005c6                _read
 .text._write   0x00000000080005d4       0x1c ./Application/SW4STM32/syscalls.o
                0x00000000080005d4                _write
 .text._sbrk    0x00000000080005f0       0x34 ./Application/SW4STM32/syscalls.o
                0x00000000080005f0                _sbrk
 .text._close   0x0000000008000624        0x6 ./Application/SW4STM32/syscalls.o
                0x0000000008000624                _close
 .text._fstat   0x000000000800062a        0xa ./Application/SW4STM32/syscalls.o
                0x000000000800062a                _fstat
 .text._isatty  0x0000000008000634        0x4 ./Application/SW4STM32/syscalls.o
                0x0000000008000634                _isatty
 .text._lseek   0x0000000008000638        0x4 ./Application/SW4STM32/syscalls.o
                0x0000000008000638                _lseek
 .text.Serial_Scanf
                0x000000000800063c       0x20 ./Application/User/main.o
                0x000000000800063c                Serial_Scanf
 .text.Proximity_Test
                0x000000000800065c      0x144 ./Application/User/main.o
                0x000000000800065c                Proximity_Test
 .text.startup.main
                0x00000000080007a0       0x94 ./Application/User/main.o
                0x00000000080007a0                main
 .text.__io_putchar
                0x0000000008000834       0x24 ./Application/User/main.o
                0x0000000008000834                __io_putchar
 .text.__io_getchar
                0x0000000008000858       0x2c ./Application/User/main.o
                0x0000000008000858                __io_getchar
 .text.NMI_Handler
                0x0000000008000884        0x2 ./Application/User/stm32l4xx_it.o
                0x0000000008000884                NMI_Handler
 .text.HardFault_Handler
                0x0000000008000886        0x2 ./Application/User/stm32l4xx_it.o
                0x0000000008000886                HardFault_Handler
 .text.MemManage_Handler
                0x0000000008000888        0x2 ./Application/User/stm32l4xx_it.o
                0x0000000008000888                MemManage_Handler
 .text.BusFault_Handler
                0x000000000800088a        0x2 ./Application/User/stm32l4xx_it.o
                0x000000000800088a                BusFault_Handler
 .text.UsageFault_Handler
                0x000000000800088c        0x2 ./Application/User/stm32l4xx_it.o
                0x000000000800088c                UsageFault_Handler
 .text.SVC_Handler
                0x000000000800088e        0x2 ./Application/User/stm32l4xx_it.o
                0x000000000800088e                SVC_Handler
 .text.DebugMon_Handler
                0x0000000008000890        0x2 ./Application/User/stm32l4xx_it.o
                0x0000000008000890                DebugMon_Handler
 .text.PendSV_Handler
                0x0000000008000892        0x2 ./Application/User/stm32l4xx_it.o
                0x0000000008000892                PendSV_Handler
 .text.SysTick_Handler
                0x0000000008000894        0x4 ./Application/User/stm32l4xx_it.o
                0x0000000008000894                SysTick_Handler
 .text.VL53L0X_GetDeviceInfo
                0x0000000008000898        0x4 ./Application/User/vl53l0x/vl53l0x_api.o
                0x0000000008000898                VL53L0X_GetDeviceInfo
 .text.VL53L0X_SetDeviceMode
                0x000000000800089c       0x20 ./Application/User/vl53l0x/vl53l0x_api.o
                0x000000000800089c                VL53L0X_SetDeviceMode
 .text.VL53L0X_GetFractionEnable
                0x00000000080008bc       0x18 ./Application/User/vl53l0x/vl53l0x_api.o
                0x00000000080008bc                VL53L0X_GetFractionEnable
 .text.VL53L0X_SetMeasurementTimingBudgetMicroSeconds
                0x00000000080008d4        0x4 ./Application/User/vl53l0x/vl53l0x_api.o
                0x00000000080008d4                VL53L0X_SetMeasurementTimingBudgetMicroSeconds
 .text.VL53L0X_SetVcselPulsePeriod
                0x00000000080008d8        0x4 ./Application/User/vl53l0x/vl53l0x_api.o
                0x00000000080008d8                VL53L0X_SetVcselPulsePeriod
 .text.VL53L0X_GetVcselPulsePeriod
                0x00000000080008dc        0x4 ./Application/User/vl53l0x/vl53l0x_api.o
                0x00000000080008dc                VL53L0X_GetVcselPulsePeriod
 .text.VL53L0X_SetSequenceStepEnable
                0x00000000080008e0       0xa4 ./Application/User/vl53l0x/vl53l0x_api.o
                0x00000000080008e0                VL53L0X_SetSequenceStepEnable
 .text.VL53L0X_GetSequenceStepEnables
                0x0000000008000984       0x3a ./Application/User/vl53l0x/vl53l0x_api.o
                0x0000000008000984                VL53L0X_GetSequenceStepEnables
 .text.VL53L0X_GetSequenceStepTimeout
                0x00000000080009be       0x30 ./Application/User/vl53l0x/vl53l0x_api.o
                0x00000000080009be                VL53L0X_GetSequenceStepTimeout
 .text.VL53L0X_GetInterMeasurementPeriodMilliSeconds
                0x00000000080009ee       0x34 ./Application/User/vl53l0x/vl53l0x_api.o
                0x00000000080009ee                VL53L0X_GetInterMeasurementPeriodMilliSeconds
 .text.VL53L0X_GetXTalkCompensationEnable
                0x0000000008000a22        0x8 ./Application/User/vl53l0x/vl53l0x_api.o
                0x0000000008000a22                VL53L0X_GetXTalkCompensationEnable
 .text.VL53L0X_GetXTalkCompensationRateMegaCps
                0x0000000008000a2a       0x2e ./Application/User/vl53l0x/vl53l0x_api.o
                0x0000000008000a2a                VL53L0X_GetXTalkCompensationRateMegaCps
 .text.VL53L0X_SetLimitCheckEnable
                0x0000000008000a58       0x7e ./Application/User/vl53l0x/vl53l0x_api.o
                0x0000000008000a58                VL53L0X_SetLimitCheckEnable
 .text.VL53L0X_GetLimitCheckEnable
                0x0000000008000ad6       0x18 ./Application/User/vl53l0x/vl53l0x_api.o
                0x0000000008000ad6                VL53L0X_GetLimitCheckEnable
 .text.VL53L0X_SetLimitCheckValue
                0x0000000008000aee       0x5a ./Application/User/vl53l0x/vl53l0x_api.o
                0x0000000008000aee                VL53L0X_SetLimitCheckValue
 .text.VL53L0X_GetLimitCheckValue
                0x0000000008000b48       0x6a ./Application/User/vl53l0x/vl53l0x_api.o
                0x0000000008000b48                VL53L0X_GetLimitCheckValue
 .text.VL53L0X_GetWrapAroundCheckEnable
                0x0000000008000bb2       0x26 ./Application/User/vl53l0x/vl53l0x_api.o
                0x0000000008000bb2                VL53L0X_GetWrapAroundCheckEnable
 .text.VL53L0X_GetDeviceParameters
                0x0000000008000bd8       0x76 ./Application/User/vl53l0x/vl53l0x_api.o
                0x0000000008000bd8                VL53L0X_GetDeviceParameters
 *fill*         0x0000000008000c4e        0x2 
 .text.VL53L0X_DataInit
                0x0000000008000c50       0xf4 ./Application/User/vl53l0x/vl53l0x_api.o
                0x0000000008000c50                VL53L0X_DataInit
 .text.VL53L0X_PerformRefCalibration
                0x0000000008000d44        0x6 ./Application/User/vl53l0x/vl53l0x_api.o
                0x0000000008000d44                VL53L0X_PerformRefCalibration
 .text.VL53L0X_GetRangingMeasurementData
                0x0000000008000d4a      0x132 ./Application/User/vl53l0x/vl53l0x_api.o
                0x0000000008000d4a                VL53L0X_GetRangingMeasurementData
 .text.VL53L0X_GetInterruptThresholds
                0x0000000008000e7c       0x40 ./Application/User/vl53l0x/vl53l0x_api.o
                0x0000000008000e7c                VL53L0X_GetInterruptThresholds
 .text.VL53L0X_CheckAndLoadInterruptSettings
                0x0000000008000ebc       0x80 ./Application/User/vl53l0x/vl53l0x_api.o
                0x0000000008000ebc                VL53L0X_CheckAndLoadInterruptSettings
 .text.VL53L0X_StartMeasurement
                0x0000000008000f3c       0x7e ./Application/User/vl53l0x/vl53l0x_api.o
                0x0000000008000f3c                VL53L0X_StartMeasurement
 .text.VL53L0X_PerformSingleMeasurement
                0x0000000008000fba       0x28 ./Application/User/vl53l0x/vl53l0x_api.o
                0x0000000008000fba                VL53L0X_PerformSingleMeasurement
 .text.VL53L0X_ClearInterruptMask
                0x0000000008000fe2       0x5a ./Application/User/vl53l0x/vl53l0x_api.o
                0x0000000008000fe2                VL53L0X_ClearInterruptMask
 .text.VL53L0X_PerformSingleRangingMeasurement
                0x000000000800103c       0x2c ./Application/User/vl53l0x/vl53l0x_api.o
                0x000000000800103c                VL53L0X_PerformSingleRangingMeasurement
 .text.VL53L0X_SetGpioConfig.part.0
                0x0000000008001068      0x11a ./Application/User/vl53l0x/vl53l0x_api.o
 *fill*         0x0000000008001182        0x2 
 .text.VL53L0X_StaticInit
                0x0000000008001184      0x1a8 ./Application/User/vl53l0x/vl53l0x_api.o
                0x0000000008001184                VL53L0X_StaticInit
 .text.VL53L0X_GetInterruptMaskStatus
                0x000000000800132c       0x26 ./Application/User/vl53l0x/vl53l0x_api.o
                0x000000000800132c                VL53L0X_GetInterruptMaskStatus
 .text.VL53L0X_GetMeasurementDataReady
                0x0000000008001352       0x3c ./Application/User/vl53l0x/vl53l0x_api.o
                0x0000000008001352                VL53L0X_GetMeasurementDataReady
 .text.VL53L0X_PerformRefSpadManagement
                0x000000000800138e        0x4 ./Application/User/vl53l0x/vl53l0x_api.o
                0x000000000800138e                VL53L0X_PerformRefSpadManagement
 .text.VL53L0X_get_offset_calibration_data_micro_meter
                0x0000000008001392       0x34 ./Application/User/vl53l0x/vl53l0x_api_calibration.o
                0x0000000008001392                VL53L0X_get_offset_calibration_data_micro_meter
 .text.get_next_good_spad
                0x00000000080013c6       0x46 ./Application/User/vl53l0x/vl53l0x_api_calibration.o
                0x00000000080013c6                get_next_good_spad
 .text.is_aperture
                0x000000000800140c       0x14 ./Application/User/vl53l0x/vl53l0x_api_calibration.o
                0x000000000800140c                is_aperture
 .text.enable_spad_bit
                0x0000000008001420       0x28 ./Application/User/vl53l0x/vl53l0x_api_calibration.o
                0x0000000008001420                enable_spad_bit
 .text.set_ref_spad_map
                0x0000000008001448        0xa ./Application/User/vl53l0x/vl53l0x_api_calibration.o
                0x0000000008001448                set_ref_spad_map
 .text.get_ref_spad_map
                0x0000000008001452        0xa ./Application/User/vl53l0x/vl53l0x_api_calibration.o
                0x0000000008001452                get_ref_spad_map
 .text.enable_ref_spads
                0x000000000800145c       0x8c ./Application/User/vl53l0x/vl53l0x_api_calibration.o
                0x000000000800145c                enable_ref_spads
 .text.perform_ref_signal_measurement
                0x00000000080014e8       0x58 ./Application/User/vl53l0x/vl53l0x_api_calibration.o
                0x00000000080014e8                perform_ref_signal_measurement
 .text.VL53L0X_set_reference_spads
                0x0000000008001540       0x98 ./Application/User/vl53l0x/vl53l0x_api_calibration.o
                0x0000000008001540                VL53L0X_set_reference_spads
 .text.VL53L0X_perform_single_ref_calibration
                0x00000000080015d8       0x32 ./Application/User/vl53l0x/vl53l0x_api_calibration.o
                0x00000000080015d8                VL53L0X_perform_single_ref_calibration
 .text.VL53L0X_ref_calibration_io
                0x000000000800160a       0xd4 ./Application/User/vl53l0x/vl53l0x_api_calibration.o
                0x000000000800160a                VL53L0X_ref_calibration_io
 .text.VL53L0X_perform_vhv_calibration
                0x00000000080016de       0x8a ./Application/User/vl53l0x/vl53l0x_api_calibration.o
                0x00000000080016de                VL53L0X_perform_vhv_calibration
 .text.VL53L0X_perform_phase_calibration
                0x0000000008001768       0x86 ./Application/User/vl53l0x/vl53l0x_api_calibration.o
                0x0000000008001768                VL53L0X_perform_phase_calibration
 .text.VL53L0X_perform_ref_calibration
                0x00000000080017ee       0x38 ./Application/User/vl53l0x/vl53l0x_api_calibration.o
                0x00000000080017ee                VL53L0X_perform_ref_calibration
 .text.VL53L0X_perform_ref_spad_management
                0x0000000008001826      0x25a ./Application/User/vl53l0x/vl53l0x_api_calibration.o
                0x0000000008001826                VL53L0X_perform_ref_spad_management
 .text.VL53L0X_measurement_poll_for_completion
                0x0000000008001a80       0x34 ./Application/User/vl53l0x/vl53l0x_api_core.o
                0x0000000008001a80                VL53L0X_measurement_poll_for_completion
 .text.VL53L0X_isqrt
                0x0000000008001ab4       0x26 ./Application/User/vl53l0x/vl53l0x_api_core.o
                0x0000000008001ab4                VL53L0X_isqrt
 .text.VL53L0X_device_read_strobe
                0x0000000008001ada       0x44 ./Application/User/vl53l0x/vl53l0x_api_core.o
                0x0000000008001ada                VL53L0X_device_read_strobe
 .text.VL53L0X_get_info_from_device
                0x0000000008001b1e      0x588 ./Application/User/vl53l0x/vl53l0x_api_core.o
                0x0000000008001b1e                VL53L0X_get_info_from_device
 .text.VL53L0X_encode_timeout
                0x00000000080020a6       0x1e ./Application/User/vl53l0x/vl53l0x_api_core.o
                0x00000000080020a6                VL53L0X_encode_timeout
 .text.VL53L0X_decode_timeout
                0x00000000080020c4        0xc ./Application/User/vl53l0x/vl53l0x_api_core.o
                0x00000000080020c4                VL53L0X_decode_timeout
 .text.VL53L0X_calc_timeout_mclks
                0x00000000080020d0       0x28 ./Application/User/vl53l0x/vl53l0x_api_core.o
                0x00000000080020d0                VL53L0X_calc_timeout_mclks
 .text.VL53L0X_calc_timeout_us
                0x00000000080020f8       0x28 ./Application/User/vl53l0x/vl53l0x_api_core.o
                0x00000000080020f8                VL53L0X_calc_timeout_us
 .text.get_sequence_step_timeout
                0x0000000008002120      0x104 ./Application/User/vl53l0x/vl53l0x_api_core.o
                0x0000000008002120                get_sequence_step_timeout
 .text.set_sequence_step_timeout
                0x0000000008002224      0x110 ./Application/User/vl53l0x/vl53l0x_api_core.o
                0x0000000008002224                set_sequence_step_timeout
 .text.VL53L0X_set_vcsel_pulse_period
                0x0000000008002334      0x208 ./Application/User/vl53l0x/vl53l0x_api_core.o
                0x0000000008002334                VL53L0X_set_vcsel_pulse_period
 .text.VL53L0X_get_vcsel_pulse_period
                0x000000000800253c       0x34 ./Application/User/vl53l0x/vl53l0x_api_core.o
                0x000000000800253c                VL53L0X_get_vcsel_pulse_period
 .text.VL53L0X_set_measurement_timing_budget_micro_seconds
                0x0000000008002570       0xd0 ./Application/User/vl53l0x/vl53l0x_api_core.o
                0x0000000008002570                VL53L0X_set_measurement_timing_budget_micro_seconds
 .text.VL53L0X_get_measurement_timing_budget_micro_seconds
                0x0000000008002640       0xca ./Application/User/vl53l0x/vl53l0x_api_core.o
                0x0000000008002640                VL53L0X_get_measurement_timing_budget_micro_seconds
 .text.VL53L0X_load_tuning_settings
                0x000000000800270a       0xa8 ./Application/User/vl53l0x/vl53l0x_api_core.o
                0x000000000800270a                VL53L0X_load_tuning_settings
 .text.VL53L0X_get_total_xtalk_rate
                0x00000000080027b2       0x2c ./Application/User/vl53l0x/vl53l0x_api_core.o
                0x00000000080027b2                VL53L0X_get_total_xtalk_rate
 .text.VL53L0X_get_total_signal_rate
                0x00000000080027de       0x1c ./Application/User/vl53l0x/vl53l0x_api_core.o
                0x00000000080027de                VL53L0X_get_total_signal_rate
 *fill*         0x00000000080027fa        0x2 
 .text.VL53L0X_calc_dmax
                0x00000000080027fc       0xd8 ./Application/User/vl53l0x/vl53l0x_api_core.o
                0x00000000080027fc                VL53L0X_calc_dmax
 .text.VL53L0X_calc_sigma_estimate
                0x00000000080028d4      0x20c ./Application/User/vl53l0x/vl53l0x_api_core.o
                0x00000000080028d4                VL53L0X_calc_sigma_estimate
 .text.VL53L0X_get_pal_range_status
                0x0000000008002ae0      0x1ea ./Application/User/vl53l0x/vl53l0x_api_core.o
                0x0000000008002ae0                VL53L0X_get_pal_range_status
 *fill*         0x0000000008002cca        0x2 
 .text.VL53L0X_check_part_used
                0x0000000008002ccc       0x38 ./Application/User/vl53l0x/vl53l0x_api_strings.o
                0x0000000008002ccc                VL53L0X_check_part_used
 .text.VL53L0X_get_device_info
                0x0000000008002d04       0x84 ./Application/User/vl53l0x/vl53l0x_api_strings.o
                0x0000000008002d04                VL53L0X_get_device_info
 .text._I2CWrite
                0x0000000008002d88       0x1e ./Application/User/vl53l0x/vl53l0x_tof.o
                0x0000000008002d88                _I2CWrite
 .text._I2CRead
                0x0000000008002da6       0x20 ./Application/User/vl53l0x/vl53l0x_tof.o
                0x0000000008002da6                _I2CRead
 .text.VL53L0X_RdByte
                0x0000000008002dc6       0x2a ./Application/User/vl53l0x/vl53l0x_tof.o
                0x0000000008002dc6                VL53L0X_RdByte
 .text.VL53L0X_WriteMulti
                0x0000000008002df0       0x3c ./Application/User/vl53l0x/vl53l0x_tof.o
                0x0000000008002df0                VL53L0X_WriteMulti
 .text.VL53L0X_ReadMulti
                0x0000000008002e2c       0x2c ./Application/User/vl53l0x/vl53l0x_tof.o
                0x0000000008002e2c                VL53L0X_ReadMulti
 .text.VL53L0X_RdWord
                0x0000000008002e58       0x40 ./Application/User/vl53l0x/vl53l0x_tof.o
                0x0000000008002e58                VL53L0X_RdWord
 .text.VL53L0X_RdDWord
                0x0000000008002e98       0x4c ./Application/User/vl53l0x/vl53l0x_tof.o
                0x0000000008002e98                VL53L0X_RdDWord
 .text.VL53L0X_WrByte
                0x0000000008002ee4       0x20 ./Application/User/vl53l0x/vl53l0x_tof.o
                0x0000000008002ee4                VL53L0X_WrByte
 .text.VL53L0X_WrWord
                0x0000000008002f04       0x24 ./Application/User/vl53l0x/vl53l0x_tof.o
                0x0000000008002f04                VL53L0X_WrWord
 .text.VL53L0X_UpdateByte
                0x0000000008002f28       0x2c ./Application/User/vl53l0x/vl53l0x_tof.o
                0x0000000008002f28                VL53L0X_UpdateByte
 .text.VL53L0X_PollingDelay
                0x0000000008002f54        0xc ./Application/User/vl53l0x/vl53l0x_tof.o
                0x0000000008002f54                VL53L0X_PollingDelay
 .text.SetupSingleShot
                0x0000000008002f60      0x108 ./Application/User/vl53l0x/vl53l0x_tof.o
                0x0000000008002f60                SetupSingleShot
 .text.I2Cx_Init.constprop.0
                0x0000000008003068       0xc0 ./Drivers/BSP/B-L475E-IOT01/stm32l475e_iot01.o
 .text.BSP_LED_Init
                0x0000000008003128       0x44 ./Drivers/BSP/B-L475E-IOT01/stm32l475e_iot01.o
                0x0000000008003128                BSP_LED_Init
 .text.BSP_PB_Init
                0x000000000800316c       0x7c ./Drivers/BSP/B-L475E-IOT01/stm32l475e_iot01.o
                0x000000000800316c                BSP_PB_Init
 .text.BSP_COM_Init
                0x00000000080031e8       0x88 ./Drivers/BSP/B-L475E-IOT01/stm32l475e_iot01.o
                0x00000000080031e8                BSP_COM_Init
 .text.SENSOR_IO_Init
                0x0000000008003270        0x4 ./Drivers/BSP/B-L475E-IOT01/stm32l475e_iot01.o
                0x0000000008003270                SENSOR_IO_Init
 .text.SystemInit
                0x0000000008003274       0x48 ./Drivers/CMSIS/system_stm32l4xx.o
                0x0000000008003274                SystemInit
 .text.HAL_MspInit
                0x00000000080032bc        0x2 ./Drivers/STM32L4xx_HAL_Driver/stm32l4xx_hal.o
                0x00000000080032bc                HAL_MspInit
 *fill*         0x00000000080032be        0x2 
 .text.HAL_InitTick
                0x00000000080032c0       0x48 ./Drivers/STM32L4xx_HAL_Driver/stm32l4xx_hal.o
                0x00000000080032c0                HAL_InitTick
 .text.HAL_Init
                0x0000000008003308       0x1e ./Drivers/STM32L4xx_HAL_Driver/stm32l4xx_hal.o
                0x0000000008003308                HAL_Init
 *fill*         0x0000000008003326        0x2 
 .text.HAL_IncTick
                0x0000000008003328       0x18 ./Drivers/STM32L4xx_HAL_Driver/stm32l4xx_hal.o
                0x0000000008003328                HAL_IncTick
 .text.HAL_GetTick
                0x0000000008003340        0xc ./Drivers/STM32L4xx_HAL_Driver/stm32l4xx_hal.o
                0x0000000008003340                HAL_GetTick
 .text.HAL_Delay
                0x000000000800334c       0x28 ./Drivers/STM32L4xx_HAL_Driver/stm32l4xx_hal.o
                0x000000000800334c                HAL_Delay
 .text.HAL_NVIC_SetPriorityGrouping
                0x0000000008003374       0x24 ./Drivers/STM32L4xx_HAL_Driver/stm32l4xx_hal_cortex.o
                0x0000000008003374                HAL_NVIC_SetPriorityGrouping
 .text.HAL_NVIC_SetPriority
                0x0000000008003398       0x64 ./Drivers/STM32L4xx_HAL_Driver/stm32l4xx_hal_cortex.o
                0x0000000008003398                HAL_NVIC_SetPriority
 .text.HAL_NVIC_EnableIRQ
                0x00000000080033fc       0x1c ./Drivers/STM32L4xx_HAL_Driver/stm32l4xx_hal_cortex.o
                0x00000000080033fc                HAL_NVIC_EnableIRQ
 .text.HAL_SYSTICK_Config
                0x0000000008003418       0x28 ./Drivers/STM32L4xx_HAL_Driver/stm32l4xx_hal_cortex.o
                0x0000000008003418                HAL_SYSTICK_Config
 .text.HAL_GPIO_Init
                0x0000000008003440      0x1bc ./Drivers/STM32L4xx_HAL_Driver/stm32l4xx_hal_gpio.o
                0x0000000008003440                HAL_GPIO_Init
 .text.HAL_GPIO_WritePin
                0x00000000080035fc        0xa ./Drivers/STM32L4xx_HAL_Driver/stm32l4xx_hal_gpio.o
                0x00000000080035fc                HAL_GPIO_WritePin
 .text.I2C_Flush_TXDR
                0x0000000008003606       0x1c ./Drivers/STM32L4xx_HAL_Driver/stm32l4xx_hal_i2c.o
 *fill*         0x0000000008003622        0x2 
 .text.I2C_TransferConfig
                0x0000000008003624       0x2c ./Drivers/STM32L4xx_HAL_Driver/stm32l4xx_hal_i2c.o
 .text.I2C_IsErrorOccurred
                0x0000000008003650      0x116 ./Drivers/STM32L4xx_HAL_Driver/stm32l4xx_hal_i2c.o
 .text.I2C_WaitOnTXISFlagUntilTimeout
                0x0000000008003766       0x4e ./Drivers/STM32L4xx_HAL_Driver/stm32l4xx_hal_i2c.o
 .text.I2C_WaitOnRXNEFlagUntilTimeout
                0x00000000080037b4       0x90 ./Drivers/STM32L4xx_HAL_Driver/stm32l4xx_hal_i2c.o
 .text.I2C_WaitOnFlagUntilTimeout
                0x0000000008003844       0x54 ./Drivers/STM32L4xx_HAL_Driver/stm32l4xx_hal_i2c.o
 .text.I2C_WaitOnSTOPFlagUntilTimeout
                0x0000000008003898       0x4a ./Drivers/STM32L4xx_HAL_Driver/stm32l4xx_hal_i2c.o
 .text.HAL_I2C_MspInit
                0x00000000080038e2        0x2 ./Drivers/STM32L4xx_HAL_Driver/stm32l4xx_hal_i2c.o
                0x00000000080038e2                HAL_I2C_MspInit
 .text.HAL_I2C_Init
                0x00000000080038e4       0xa2 ./Drivers/STM32L4xx_HAL_Driver/stm32l4xx_hal_i2c.o
                0x00000000080038e4                HAL_I2C_Init
 *fill*         0x0000000008003986        0x2 
 .text.HAL_I2C_Master_Transmit
                0x0000000008003988      0x12c ./Drivers/STM32L4xx_HAL_Driver/stm32l4xx_hal_i2c.o
                0x0000000008003988                HAL_I2C_Master_Transmit
 .text.HAL_I2C_Master_Receive
                0x0000000008003ab4      0x130 ./Drivers/STM32L4xx_HAL_Driver/stm32l4xx_hal_i2c.o
                0x0000000008003ab4                HAL_I2C_Master_Receive
 .text.HAL_I2CEx_ConfigAnalogFilter
                0x0000000008003be4       0x4c ./Drivers/STM32L4xx_HAL_Driver/stm32l4xx_hal_i2c_ex.o
                0x0000000008003be4                HAL_I2CEx_ConfigAnalogFilter
 .text.HAL_PWREx_GetVoltageRange
                0x0000000008003c30       0x10 ./Drivers/STM32L4xx_HAL_Driver/stm32l4xx_hal_pwr_ex.o
                0x0000000008003c30                HAL_PWREx_GetVoltageRange
 .text.RCC_SetFlashLatencyFromMSIRange
                0x0000000008003c40       0x84 ./Drivers/STM32L4xx_HAL_Driver/stm32l4xx_hal_rcc.o
 .text.HAL_RCC_GetSysClockFreq
                0x0000000008003cc4       0x9c ./Drivers/STM32L4xx_HAL_Driver/stm32l4xx_hal_rcc.o
                0x0000000008003cc4                HAL_RCC_GetSysClockFreq
 .text.HAL_RCC_OscConfig
                0x0000000008003d60      0x50c ./Drivers/STM32L4xx_HAL_Driver/stm32l4xx_hal_rcc.o
                0x0000000008003d60                HAL_RCC_OscConfig
 .text.HAL_RCC_ClockConfig
                0x000000000800426c      0x128 ./Drivers/STM32L4xx_HAL_Driver/stm32l4xx_hal_rcc.o
                0x000000000800426c                HAL_RCC_ClockConfig
 .text.HAL_RCC_GetPCLK1Freq
                0x0000000008004394       0x24 ./Drivers/STM32L4xx_HAL_Driver/stm32l4xx_hal_rcc.o
                0x0000000008004394                HAL_RCC_GetPCLK1Freq
 .text.HAL_RCC_GetPCLK2Freq
                0x00000000080043b8       0x24 ./Drivers/STM32L4xx_HAL_Driver/stm32l4xx_hal_rcc.o
                0x00000000080043b8                HAL_RCC_GetPCLK2Freq
 .text.HAL_UART_MspInit
                0x00000000080043dc        0x2 ./Drivers/STM32L4xx_HAL_Driver/stm32l4xx_hal_uart.o
                0x00000000080043dc                HAL_UART_MspInit
 *fill*         0x00000000080043de        0x2 
 .text.UART_SetConfig
                0x00000000080043e0      0x28c ./Drivers/STM32L4xx_HAL_Driver/stm32l4xx_hal_uart.o
                0x00000000080043e0                UART_SetConfig
 .text.UART_AdvFeatureConfig
                0x000000000800466c       0xa8 ./Drivers/STM32L4xx_HAL_Driver/stm32l4xx_hal_uart.o
                0x000000000800466c                UART_AdvFeatureConfig
 .text.UART_WaitOnFlagUntilTimeout
                0x0000000008004714       0xbc ./Drivers/STM32L4xx_HAL_Driver/stm32l4xx_hal_uart.o
                0x0000000008004714                UART_WaitOnFlagUntilTimeout
 .text.HAL_UART_Transmit
                0x00000000080047d0       0xb4 ./Drivers/STM32L4xx_HAL_Driver/stm32l4xx_hal_uart.o
                0x00000000080047d0                HAL_UART_Transmit
 .text.HAL_UART_Receive
                0x0000000008004884       0xec ./Drivers/STM32L4xx_HAL_Driver/stm32l4xx_hal_uart.o
                0x0000000008004884                HAL_UART_Receive
 .text.UART_CheckIdleState
                0x0000000008004970       0x66 ./Drivers/STM32L4xx_HAL_Driver/stm32l4xx_hal_uart.o
                0x0000000008004970                UART_CheckIdleState
 .text.HAL_UART_Init
                0x00000000080049d6       0x5c ./Drivers/STM32L4xx_HAL_Driver/stm32l4xx_hal_uart.o
                0x00000000080049d6                HAL_UART_Init
 *fill*         0x0000000008004a32        0x2 
 .text.__errno  0x0000000008004a34        0xc c:/st/stm32cubeide_1.9.0/stm32cubeide/plugins/com.st.stm32cube.ide.mcu.externaltools.gnu-tools-for-stm32.10.3-2021.10.win32_1.0.0.202111181127/tools/bin/../lib/gcc/arm-none-eabi/10.3.1/../../../../arm-none-eabi/lib/thumb/v7e-m+fp/hard\libc_nano.a(lib_a-errno.o)
                0x0000000008004a34                __errno
 .text.getchar  0x0000000008004a40       0x24 c:/st/stm32cubeide_1.9.0/stm32cubeide/plugins/com.st.stm32cube.ide.mcu.externaltools.gnu-tools-for-stm32.10.3-2021.10.win32_1.0.0.202111181127/tools/bin/../lib/gcc/arm-none-eabi/10.3.1/../../../../arm-none-eabi/lib/thumb/v7e-m+fp/hard\libc_nano.a(lib_a-getchar.o)
                0x0000000008004a40                getchar
 .text.__libc_init_array
                0x0000000008004a64       0x48 c:/st/stm32cubeide_1.9.0/stm32cubeide/plugins/com.st.stm32cube.ide.mcu.externaltools.gnu-tools-for-stm32.10.3-2021.10.win32_1.0.0.202111181127/tools/bin/../lib/gcc/arm-none-eabi/10.3.1/../../../../arm-none-eabi/lib/thumb/v7e-m+fp/hard\libc_nano.a(lib_a-init.o)
                0x0000000008004a64                __libc_init_array
 .text.memcpy   0x0000000008004aac       0x1c c:/st/stm32cubeide_1.9.0/stm32cubeide/plugins/com.st.stm32cube.ide.mcu.externaltools.gnu-tools-for-stm32.10.3-2021.10.win32_1.0.0.202111181127/tools/bin/../lib/gcc/arm-none-eabi/10.3.1/../../../../arm-none-eabi/lib/thumb/v7e-m+fp/hard\libc_nano.a(lib_a-memcpy-stub.o)
                0x0000000008004aac                memcpy
 .text.memset   0x0000000008004ac8       0x10 c:/st/stm32cubeide_1.9.0/stm32cubeide/plugins/com.st.stm32cube.ide.mcu.externaltools.gnu-tools-for-stm32.10.3-2021.10.win32_1.0.0.202111181127/tools/bin/../lib/gcc/arm-none-eabi/10.3.1/../../../../arm-none-eabi/lib/thumb/v7e-m+fp/hard\libc_nano.a(lib_a-memset.o)
                0x0000000008004ac8                memset
 .text.printf   0x0000000008004ad8       0x30 c:/st/stm32cubeide_1.9.0/stm32cubeide/plugins/com.st.stm32cube.ide.mcu.externaltools.gnu-tools-for-stm32.10.3-2021.10.win32_1.0.0.202111181127/tools/bin/../lib/gcc/arm-none-eabi/10.3.1/../../../../arm-none-eabi/lib/thumb/v7e-m+fp/hard\libc_nano.a(lib_a-printf.o)
                0x0000000008004ad8                iprintf
                0x0000000008004ad8                printf
 .text._puts_r  0x0000000008004b08       0xdc c:/st/stm32cubeide_1.9.0/stm32cubeide/plugins/com.st.stm32cube.ide.mcu.externaltools.gnu-tools-for-stm32.10.3-2021.10.win32_1.0.0.202111181127/tools/bin/../lib/gcc/arm-none-eabi/10.3.1/../../../../arm-none-eabi/lib/thumb/v7e-m+fp/hard\libc_nano.a(lib_a-puts.o)
                0x0000000008004b08                _puts_r
 .text.puts     0x0000000008004be4       0x10 c:/st/stm32cubeide_1.9.0/stm32cubeide/plugins/com.st.stm32cube.ide.mcu.externaltools.gnu-tools-for-stm32.10.3-2021.10.win32_1.0.0.202111181127/tools/bin/../lib/gcc/arm-none-eabi/10.3.1/../../../../arm-none-eabi/lib/thumb/v7e-m+fp/hard\libc_nano.a(lib_a-puts.o)
                0x0000000008004be4                puts
 .text.strcpy   0x0000000008004bf4       0x10 c:/st/stm32cubeide_1.9.0/stm32cubeide/plugins/com.st.stm32cube.ide.mcu.externaltools.gnu-tools-for-stm32.10.3-2021.10.win32_1.0.0.202111181127/tools/bin/../lib/gcc/arm-none-eabi/10.3.1/../../../../arm-none-eabi/lib/thumb/v7e-m+fp/hard\libc_nano.a(lib_a-strcpy.o)
                0x0000000008004bf4                strcpy
 .text.__swbuf_r
                0x0000000008004c04       0xa4 c:/st/stm32cubeide_1.9.0/stm32cubeide/plugins/com.st.stm32cube.ide.mcu.externaltools.gnu-tools-for-stm32.10.3-2021.10.win32_1.0.0.202111181127/tools/bin/../lib/gcc/arm-none-eabi/10.3.1/../../../../arm-none-eabi/lib/thumb/v7e-m+fp/hard\libc_nano.a(lib_a-wbuf.o)
                0x0000000008004c04                __swbuf_r
 .text.__swsetup_r
                0x0000000008004ca8       0xdc c:/st/stm32cubeide_1.9.0/stm32cubeide/plugins/com.st.stm32cube.ide.mcu.externaltools.gnu-tools-for-stm32.10.3-2021.10.win32_1.0.0.202111181127/tools/bin/../lib/gcc/arm-none-eabi/10.3.1/../../../../arm-none-eabi/lib/thumb/v7e-m+fp/hard\libc_nano.a(lib_a-wsetup.o)
                0x0000000008004ca8                __swsetup_r
 .text.__sflush_r
                0x0000000008004d84      0x10c c:/st/stm32cubeide_1.9.0/stm32cubeide/plugins/com.st.stm32cube.ide.mcu.externaltools.gnu-tools-for-stm32.10.3-2021.10.win32_1.0.0.202111181127/tools/bin/../lib/gcc/arm-none-eabi/10.3.1/../../../../arm-none-eabi/lib/thumb/v7e-m+fp/hard\libc_nano.a(lib_a-fflush.o)
                0x0000000008004d84                __sflush_r
 .text._fflush_r
                0x0000000008004e90       0x78 c:/st/stm32cubeide_1.9.0/stm32cubeide/plugins/com.st.stm32cube.ide.mcu.externaltools.gnu-tools-for-stm32.10.3-2021.10.win32_1.0.0.202111181127/tools/bin/../lib/gcc/arm-none-eabi/10.3.1/../../../../arm-none-eabi/lib/thumb/v7e-m+fp/hard\libc_nano.a(lib_a-fflush.o)
                0x0000000008004e90                _fflush_r
 .text.fflush   0x0000000008004f08       0x24 c:/st/stm32cubeide_1.9.0/stm32cubeide/plugins/com.st.stm32cube.ide.mcu.externaltools.gnu-tools-for-stm32.10.3-2021.10.win32_1.0.0.202111181127/tools/bin/../lib/gcc/arm-none-eabi/10.3.1/../../../../arm-none-eabi/lib/thumb/v7e-m+fp/hard\libc_nano.a(lib_a-fflush.o)
                0x0000000008004f08                fflush
 .text.std      0x0000000008004f2c       0x48 c:/st/stm32cubeide_1.9.0/stm32cubeide/plugins/com.st.stm32cube.ide.mcu.externaltools.gnu-tools-for-stm32.10.3-2021.10.win32_1.0.0.202111181127/tools/bin/../lib/gcc/arm-none-eabi/10.3.1/../../../../arm-none-eabi/lib/thumb/v7e-m+fp/hard\libc_nano.a(lib_a-findfp.o)
 .text._cleanup_r
                0x0000000008004f74        0xc c:/st/stm32cubeide_1.9.0/stm32cubeide/plugins/com.st.stm32cube.ide.mcu.externaltools.gnu-tools-for-stm32.10.3-2021.10.win32_1.0.0.202111181127/tools/bin/../lib/gcc/arm-none-eabi/10.3.1/../../../../arm-none-eabi/lib/thumb/v7e-m+fp/hard\libc_nano.a(lib_a-findfp.o)
                0x0000000008004f74                _cleanup_r
 .text.__sfmoreglue
                0x0000000008004f80       0x2c c:/st/stm32cubeide_1.9.0/stm32cubeide/plugins/com.st.stm32cube.ide.mcu.externaltools.gnu-tools-for-stm32.10.3-2021.10.win32_1.0.0.202111181127/tools/bin/../lib/gcc/arm-none-eabi/10.3.1/../../../../arm-none-eabi/lib/thumb/v7e-m+fp/hard\libc_nano.a(lib_a-findfp.o)
                0x0000000008004f80                __sfmoreglue
 .text.__sfp_lock_acquire
                0x0000000008004fac        0xc c:/st/stm32cubeide_1.9.0/stm32cubeide/plugins/com.st.stm32cube.ide.mcu.externaltools.gnu-tools-for-stm32.10.3-2021.10.win32_1.0.0.202111181127/tools/bin/../lib/gcc/arm-none-eabi/10.3.1/../../../../arm-none-eabi/lib/thumb/v7e-m+fp/hard\libc_nano.a(lib_a-findfp.o)
                0x0000000008004fac                __sfp_lock_acquire
 .text.__sfp_lock_release
                0x0000000008004fb8        0xc c:/st/stm32cubeide_1.9.0/stm32cubeide/plugins/com.st.stm32cube.ide.mcu.externaltools.gnu-tools-for-stm32.10.3-2021.10.win32_1.0.0.202111181127/tools/bin/../lib/gcc/arm-none-eabi/10.3.1/../../../../arm-none-eabi/lib/thumb/v7e-m+fp/hard\libc_nano.a(lib_a-findfp.o)
                0x0000000008004fb8                __sfp_lock_release
 .text.__sinit_lock_acquire
                0x0000000008004fc4        0xc c:/st/stm32cubeide_1.9.0/stm32cubeide/plugins/com.st.stm32cube.ide.mcu.externaltools.gnu-tools-for-stm32.10.3-2021.10.win32_1.0.0.202111181127/tools/bin/../lib/gcc/arm-none-eabi/10.3.1/../../../../arm-none-eabi/lib/thumb/v7e-m+fp/hard\libc_nano.a(lib_a-findfp.o)
                0x0000000008004fc4                __sinit_lock_acquire
 .text.__sinit_lock_release
                0x0000000008004fd0        0xc c:/st/stm32cubeide_1.9.0/stm32cubeide/plugins/com.st.stm32cube.ide.mcu.externaltools.gnu-tools-for-stm32.10.3-2021.10.win32_1.0.0.202111181127/tools/bin/../lib/gcc/arm-none-eabi/10.3.1/../../../../arm-none-eabi/lib/thumb/v7e-m+fp/hard\libc_nano.a(lib_a-findfp.o)
                0x0000000008004fd0                __sinit_lock_release
 .text.__sinit  0x0000000008004fdc       0x70 c:/st/stm32cubeide_1.9.0/stm32cubeide/plugins/com.st.stm32cube.ide.mcu.externaltools.gnu-tools-for-stm32.10.3-2021.10.win32_1.0.0.202111181127/tools/bin/../lib/gcc/arm-none-eabi/10.3.1/../../../../arm-none-eabi/lib/thumb/v7e-m+fp/hard\libc_nano.a(lib_a-findfp.o)
                0x0000000008004fdc                __sinit
 .text.__sfp    0x000000000800504c       0x8c c:/st/stm32cubeide_1.9.0/stm32cubeide/plugins/com.st.stm32cube.ide.mcu.externaltools.gnu-tools-for-stm32.10.3-2021.10.win32_1.0.0.202111181127/tools/bin/../lib/gcc/arm-none-eabi/10.3.1/../../../../arm-none-eabi/lib/thumb/v7e-m+fp/hard\libc_nano.a(lib_a-findfp.o)
                0x000000000800504c                __sfp
 .text._fwalk   0x00000000080050d8       0x3a c:/st/stm32cubeide_1.9.0/stm32cubeide/plugins/com.st.stm32cube.ide.mcu.externaltools.gnu-tools-for-stm32.10.3-2021.10.win32_1.0.0.202111181127/tools/bin/../lib/gcc/arm-none-eabi/10.3.1/../../../../arm-none-eabi/lib/thumb/v7e-m+fp/hard\libc_nano.a(lib_a-fwalk.o)
                0x00000000080050d8                _fwalk
 .text._fwalk_reent
                0x0000000008005112       0x3e c:/st/stm32cubeide_1.9.0/stm32cubeide/plugins/com.st.stm32cube.ide.mcu.externaltools.gnu-tools-for-stm32.10.3-2021.10.win32_1.0.0.202111181127/tools/bin/../lib/gcc/arm-none-eabi/10.3.1/../../../../arm-none-eabi/lib/thumb/v7e-m+fp/hard\libc_nano.a(lib_a-fwalk.o)
                0x0000000008005112                _fwalk_reent
 .text._getc_r  0x0000000008005150       0x80 c:/st/stm32cubeide_1.9.0/stm32cubeide/plugins/com.st.stm32cube.ide.mcu.externaltools.gnu-tools-for-stm32.10.3-2021.10.win32_1.0.0.202111181127/tools/bin/../lib/gcc/arm-none-eabi/10.3.1/../../../../arm-none-eabi/lib/thumb/v7e-m+fp/hard\libc_nano.a(lib_a-getc.o)
                0x0000000008005150                _getc_r
 .text.__retarget_lock_init_recursive
                0x00000000080051d0        0x2 c:/st/stm32cubeide_1.9.0/stm32cubeide/plugins/com.st.stm32cube.ide.mcu.externaltools.gnu-tools-for-stm32.10.3-2021.10.win32_1.0.0.202111181127/tools/bin/../lib/gcc/arm-none-eabi/10.3.1/../../../../arm-none-eabi/lib/thumb/v7e-m+fp/hard\libc_nano.a(lib_a-lock.o)
                0x00000000080051d0                __retarget_lock_init_recursive
 .text.__retarget_lock_acquire_recursive
                0x00000000080051d2        0x2 c:/st/stm32cubeide_1.9.0/stm32cubeide/plugins/com.st.stm32cube.ide.mcu.externaltools.gnu-tools-for-stm32.10.3-2021.10.win32_1.0.0.202111181127/tools/bin/../lib/gcc/arm-none-eabi/10.3.1/../../../../arm-none-eabi/lib/thumb/v7e-m+fp/hard\libc_nano.a(lib_a-lock.o)
                0x00000000080051d2                __retarget_lock_acquire_recursive
 .text.__retarget_lock_release_recursive
                0x00000000080051d4        0x2 c:/st/stm32cubeide_1.9.0/stm32cubeide/plugins/com.st.stm32cube.ide.mcu.externaltools.gnu-tools-for-stm32.10.3-2021.10.win32_1.0.0.202111181127/tools/bin/../lib/gcc/arm-none-eabi/10.3.1/../../../../arm-none-eabi/lib/thumb/v7e-m+fp/hard\libc_nano.a(lib_a-lock.o)
                0x00000000080051d4                __retarget_lock_release_recursive
 .text.__swhatbuf_r
                0x00000000080051d6       0x4a c:/st/stm32cubeide_1.9.0/stm32cubeide/plugins/com.st.stm32cube.ide.mcu.externaltools.gnu-tools-for-stm32.10.3-2021.10.win32_1.0.0.202111181127/tools/bin/../lib/gcc/arm-none-eabi/10.3.1/../../../../arm-none-eabi/lib/thumb/v7e-m+fp/hard\libc_nano.a(lib_a-makebuf.o)
                0x00000000080051d6                __swhatbuf_r
 .text.__smakebuf_r
                0x0000000008005220       0x80 c:/st/stm32cubeide_1.9.0/stm32cubeide/plugins/com.st.stm32cube.ide.mcu.externaltools.gnu-tools-for-stm32.10.3-2021.10.win32_1.0.0.202111181127/tools/bin/../lib/gcc/arm-none-eabi/10.3.1/../../../../arm-none-eabi/lib/thumb/v7e-m+fp/hard\libc_nano.a(lib_a-makebuf.o)
                0x0000000008005220                __smakebuf_r
 .text._free_r  0x00000000080052a0       0x98 c:/st/stm32cubeide_1.9.0/stm32cubeide/plugins/com.st.stm32cube.ide.mcu.externaltools.gnu-tools-for-stm32.10.3-2021.10.win32_1.0.0.202111181127/tools/bin/../lib/gcc/arm-none-eabi/10.3.1/../../../../arm-none-eabi/lib/thumb/v7e-m+fp/hard\libc_nano.a(lib_a-nano-freer.o)
                0x00000000080052a0                _free_r
 .text.sbrk_aligned
                0x0000000008005338       0x40 c:/st/stm32cubeide_1.9.0/stm32cubeide/plugins/com.st.stm32cube.ide.mcu.externaltools.gnu-tools-for-stm32.10.3-2021.10.win32_1.0.0.202111181127/tools/bin/../lib/gcc/arm-none-eabi/10.3.1/../../../../arm-none-eabi/lib/thumb/v7e-m+fp/hard\libc_nano.a(lib_a-nano-mallocr.o)
 .text._malloc_r
                0x0000000008005378       0xe8 c:/st/stm32cubeide_1.9.0/stm32cubeide/plugins/com.st.stm32cube.ide.mcu.externaltools.gnu-tools-for-stm32.10.3-2021.10.win32_1.0.0.202111181127/tools/bin/../lib/gcc/arm-none-eabi/10.3.1/../../../../arm-none-eabi/lib/thumb/v7e-m+fp/hard\libc_nano.a(lib_a-nano-mallocr.o)
                0x0000000008005378                _malloc_r
 .text.__sfputc_r
                0x0000000008005460       0x2e c:/st/stm32cubeide_1.9.0/stm32cubeide/plugins/com.st.stm32cube.ide.mcu.externaltools.gnu-tools-for-stm32.10.3-2021.10.win32_1.0.0.202111181127/tools/bin/../lib/gcc/arm-none-eabi/10.3.1/../../../../arm-none-eabi/lib/thumb/v7e-m+fp/hard\libc_nano.a(lib_a-nano-vfprintf.o)
 .text.__sfputs_r
                0x000000000800548e       0x24 c:/st/stm32cubeide_1.9.0/stm32cubeide/plugins/com.st.stm32cube.ide.mcu.externaltools.gnu-tools-for-stm32.10.3-2021.10.win32_1.0.0.202111181127/tools/bin/../lib/gcc/arm-none-eabi/10.3.1/../../../../arm-none-eabi/lib/thumb/v7e-m+fp/hard\libc_nano.a(lib_a-nano-vfprintf.o)
                0x000000000800548e                __sfputs_r
 *fill*         0x00000000080054b2        0x2 
 .text._vfprintf_r
                0x00000000080054b4      0x260 c:/st/stm32cubeide_1.9.0/stm32cubeide/plugins/com.st.stm32cube.ide.mcu.externaltools.gnu-tools-for-stm32.10.3-2021.10.win32_1.0.0.202111181127/tools/bin/../lib/gcc/arm-none-eabi/10.3.1/../../../../arm-none-eabi/lib/thumb/v7e-m+fp/hard\libc_nano.a(lib_a-nano-vfprintf.o)
                0x00000000080054b4                _vfprintf_r
                0x00000000080054b4                _vfiprintf_r
 .text._printf_common
                0x0000000008005714       0xda c:/st/stm32cubeide_1.9.0/stm32cubeide/plugins/com.st.stm32cube.ide.mcu.externaltools.gnu-tools-for-stm32.10.3-2021.10.win32_1.0.0.202111181127/tools/bin/../lib/gcc/arm-none-eabi/10.3.1/../../../../arm-none-eabi/lib/thumb/v7e-m+fp/hard\libc_nano.a(lib_a-nano-vfprintf_i.o)
                0x0000000008005714                _printf_common
 *fill*         0x00000000080057ee        0x2 
 .text._printf_i
                0x00000000080057f0      0x24c c:/st/stm32cubeide_1.9.0/stm32cubeide/plugins/com.st.stm32cube.ide.mcu.externaltools.gnu-tools-for-stm32.10.3-2021.10.win32_1.0.0.202111181127/tools/bin/../lib/gcc/arm-none-eabi/10.3.1/../../../../arm-none-eabi/lib/thumb/v7e-m+fp/hard\libc_nano.a(lib_a-nano-vfprintf_i.o)
                0x00000000080057f0                _printf_i
 .text.__srget_r
                0x0000000008005a3c       0x58 c:/st/stm32cubeide_1.9.0/stm32cubeide/plugins/com.st.stm32cube.ide.mcu.externaltools.gnu-tools-for-stm32.10.3-2021.10.win32_1.0.0.202111181127/tools/bin/../lib/gcc/arm-none-eabi/10.3.1/../../../../arm-none-eabi/lib/thumb/v7e-m+fp/hard\libc_nano.a(lib_a-rget.o)
                0x0000000008005a3c                __srget_r
 .text._sbrk_r  0x0000000008005a94       0x20 c:/st/stm32cubeide_1.9.0/stm32cubeide/plugins/com.st.stm32cube.ide.mcu.externaltools.gnu-tools-for-stm32.10.3-2021.10.win32_1.0.0.202111181127/tools/bin/../lib/gcc/arm-none-eabi/10.3.1/../../../../arm-none-eabi/lib/thumb/v7e-m+fp/hard\libc_nano.a(lib_a-sbrkr.o)
                0x0000000008005a94                _sbrk_r
 .text.__sread  0x0000000008005ab4       0x22 c:/st/stm32cubeide_1.9.0/stm32cubeide/plugins/com.st.stm32cube.ide.mcu.externaltools.gnu-tools-for-stm32.10.3-2021.10.win32_1.0.0.202111181127/tools/bin/../lib/gcc/arm-none-eabi/10.3.1/../../../../arm-none-eabi/lib/thumb/v7e-m+fp/hard\libc_nano.a(lib_a-stdio.o)
                0x0000000008005ab4                __sread
 .text.__swrite
                0x0000000008005ad6       0x38 c:/st/stm32cubeide_1.9.0/stm32cubeide/plugins/com.st.stm32cube.ide.mcu.externaltools.gnu-tools-for-stm32.10.3-2021.10.win32_1.0.0.202111181127/tools/bin/../lib/gcc/arm-none-eabi/10.3.1/../../../../arm-none-eabi/lib/thumb/v7e-m+fp/hard\libc_nano.a(lib_a-stdio.o)
                0x0000000008005ad6                __swrite
 .text.__sseek  0x0000000008005b0e       0x24 c:/st/stm32cubeide_1.9.0/stm32cubeide/plugins/com.st.stm32cube.ide.mcu.externaltools.gnu-tools-for-stm32.10.3-2021.10.win32_1.0.0.202111181127/tools/bin/../lib/gcc/arm-none-eabi/10.3.1/../../../../arm-none-eabi/lib/thumb/v7e-m+fp/hard\libc_nano.a(lib_a-stdio.o)
                0x0000000008005b0e                __sseek
 .text.__sclose
                0x0000000008005b32        0x8 c:/st/stm32cubeide_1.9.0/stm32cubeide/plugins/com.st.stm32cube.ide.mcu.externaltools.gnu-tools-for-stm32.10.3-2021.10.win32_1.0.0.202111181127/tools/bin/../lib/gcc/arm-none-eabi/10.3.1/../../../../arm-none-eabi/lib/thumb/v7e-m+fp/hard\libc_nano.a(lib_a-stdio.o)
                0x0000000008005b32                __sclose
 *fill*         0x0000000008005b3a        0x2 
 .text._write_r
                0x0000000008005b3c       0x24 c:/st/stm32cubeide_1.9.0/stm32cubeide/plugins/com.st.stm32cube.ide.mcu.externaltools.gnu-tools-for-stm32.10.3-2021.10.win32_1.0.0.202111181127/tools/bin/../lib/gcc/arm-none-eabi/10.3.1/../../../../arm-none-eabi/lib/thumb/v7e-m+fp/hard\libc_nano.a(lib_a-writer.o)
                0x0000000008005b3c                _write_r
 .text._close_r
                0x0000000008005b60       0x20 c:/st/stm32cubeide_1.9.0/stm32cubeide/plugins/com.st.stm32cube.ide.mcu.externaltools.gnu-tools-for-stm32.10.3-2021.10.win32_1.0.0.202111181127/tools/bin/../lib/gcc/arm-none-eabi/10.3.1/../../../../arm-none-eabi/lib/thumb/v7e-m+fp/hard\libc_nano.a(lib_a-closer.o)
                0x0000000008005b60                _close_r
 .text._fstat_r
                0x0000000008005b80       0x24 c:/st/stm32cubeide_1.9.0/stm32cubeide/plugins/com.st.stm32cube.ide.mcu.externaltools.gnu-tools-for-stm32.10.3-2021.10.win32_1.0.0.202111181127/tools/bin/../lib/gcc/arm-none-eabi/10.3.1/../../../../arm-none-eabi/lib/thumb/v7e-m+fp/hard\libc_nano.a(lib_a-fstatr.o)
                0x0000000008005b80                _fstat_r
 .text._isatty_r
                0x0000000008005ba4       0x20 c:/st/stm32cubeide_1.9.0/stm32cubeide/plugins/com.st.stm32cube.ide.mcu.externaltools.gnu-tools-for-stm32.10.3-2021.10.win32_1.0.0.202111181127/tools/bin/../lib/gcc/arm-none-eabi/10.3.1/../../../../arm-none-eabi/lib/thumb/v7e-m+fp/hard\libc_nano.a(lib_a-isattyr.o)
                0x0000000008005ba4                _isatty_r
 .text._lseek_r
                0x0000000008005bc4       0x24 c:/st/stm32cubeide_1.9.0/stm32cubeide/plugins/com.st.stm32cube.ide.mcu.externaltools.gnu-tools-for-stm32.10.3-2021.10.win32_1.0.0.202111181127/tools/bin/../lib/gcc/arm-none-eabi/10.3.1/../../../../arm-none-eabi/lib/thumb/v7e-m+fp/hard\libc_nano.a(lib_a-lseekr.o)
                0x0000000008005bc4                _lseek_r
 .text.__malloc_lock
                0x0000000008005be8        0xc c:/st/stm32cubeide_1.9.0/stm32cubeide/plugins/com.st.stm32cube.ide.mcu.externaltools.gnu-tools-for-stm32.10.3-2021.10.win32_1.0.0.202111181127/tools/bin/../lib/gcc/arm-none-eabi/10.3.1/../../../../arm-none-eabi/lib/thumb/v7e-m+fp/hard\libc_nano.a(lib_a-mlock.o)
                0x0000000008005be8                __malloc_lock
 .text.__malloc_unlock
                0x0000000008005bf4        0xc c:/st/stm32cubeide_1.9.0/stm32cubeide/plugins/com.st.stm32cube.ide.mcu.externaltools.gnu-tools-for-stm32.10.3-2021.10.win32_1.0.0.202111181127/tools/bin/../lib/gcc/arm-none-eabi/10.3.1/../../../../arm-none-eabi/lib/thumb/v7e-m+fp/hard\libc_nano.a(lib_a-mlock.o)
                0x0000000008005bf4                __malloc_unlock
 .text._read_r  0x0000000008005c00       0x24 c:/st/stm32cubeide_1.9.0/stm32cubeide/plugins/com.st.stm32cube.ide.mcu.externaltools.gnu-tools-for-stm32.10.3-2021.10.win32_1.0.0.202111181127/tools/bin/../lib/gcc/arm-none-eabi/10.3.1/../../../../arm-none-eabi/lib/thumb/v7e-m+fp/hard\libc_nano.a(lib_a-readr.o)
                0x0000000008005c00                _read_r
 .text.lflush   0x0000000008005c24       0x12 c:/st/stm32cubeide_1.9.0/stm32cubeide/plugins/com.st.stm32cube.ide.mcu.externaltools.gnu-tools-for-stm32.10.3-2021.10.win32_1.0.0.202111181127/tools/bin/../lib/gcc/arm-none-eabi/10.3.1/../../../../arm-none-eabi/lib/thumb/v7e-m+fp/hard\libc_nano.a(lib_a-refill.o)
 *fill*         0x0000000008005c36        0x2 
 .text.__srefill_r
                0x0000000008005c38      0x114 c:/st/stm32cubeide_1.9.0/stm32cubeide/plugins/com.st.stm32cube.ide.mcu.externaltools.gnu-tools-for-stm32.10.3-2021.10.win32_1.0.0.202111181127/tools/bin/../lib/gcc/arm-none-eabi/10.3.1/../../../../arm-none-eabi/lib/thumb/v7e-m+fp/hard\libc_nano.a(lib_a-refill.o)
                0x0000000008005c38                __srefill_r
 *(.glue_7)
 .glue_7        0x0000000008005d4c        0x0 linker stubs
 *(.glue_7t)
 .glue_7t       0x0000000008005d4c        0x0 linker stubs
 *(.eh_frame)
 .eh_frame      0x0000000008005d4c        0x0 c:/st/stm32cubeide_1.9.0/stm32cubeide/plugins/com.st.stm32cube.ide.mcu.externaltools.gnu-tools-for-stm32.10.3-2021.10.win32_1.0.0.202111181127/tools/bin/../lib/gcc/arm-none-eabi/10.3.1/thumb/v7e-m+fp/hard/crtbegin.o
 *(.init)
 .init          0x0000000008005d4c        0x4 c:/st/stm32cubeide_1.9.0/stm32cubeide/plugins/com.st.stm32cube.ide.mcu.externaltools.gnu-tools-for-stm32.10.3-2021.10.win32_1.0.0.202111181127/tools/bin/../lib/gcc/arm-none-eabi/10.3.1/thumb/v7e-m+fp/hard/crti.o
                0x0000000008005d4c                _init
 .init          0x0000000008005d50        0x8 c:/st/stm32cubeide_1.9.0/stm32cubeide/plugins/com.st.stm32cube.ide.mcu.externaltools.gnu-tools-for-stm32.10.3-2021.10.win32_1.0.0.202111181127/tools/bin/../lib/gcc/arm-none-eabi/10.3.1/thumb/v7e-m+fp/hard/crtn.o
 *(.fini)
 .fini          0x0000000008005d58        0x4 c:/st/stm32cubeide_1.9.0/stm32cubeide/plugins/com.st.stm32cube.ide.mcu.externaltools.gnu-tools-for-stm32.10.3-2021.10.win32_1.0.0.202111181127/tools/bin/../lib/gcc/arm-none-eabi/10.3.1/thumb/v7e-m+fp/hard/crti.o
                0x0000000008005d58                _fini
 .fini          0x0000000008005d5c        0x8 c:/st/stm32cubeide_1.9.0/stm32cubeide/plugins/com.st.stm32cube.ide.mcu.externaltools.gnu-tools-for-stm32.10.3-2021.10.win32_1.0.0.202111181127/tools/bin/../lib/gcc/arm-none-eabi/10.3.1/thumb/v7e-m+fp/hard/crtn.o
                0x0000000008005d68                . = ALIGN (0x8)
 *fill*         0x0000000008005d64        0x4 
                0x0000000008005d68                _etext = .

.vfp11_veneer   0x0000000008005d68        0x0
 .vfp11_veneer  0x0000000008005d68        0x0 linker stubs

.v4_bx          0x0000000008005d68        0x0
 .v4_bx         0x0000000008005d68        0x0 linker stubs

.iplt           0x0000000008005d68        0x0
 .iplt          0x0000000008005d68        0x0 c:/st/stm32cubeide_1.9.0/stm32cubeide/plugins/com.st.stm32cube.ide.mcu.externaltools.gnu-tools-for-stm32.10.3-2021.10.win32_1.0.0.202111181127/tools/bin/../lib/gcc/arm-none-eabi/10.3.1/thumb/v7e-m+fp/hard/crtbegin.o

.rodata         0x0000000008005d68      0x8e0
                0x0000000008005d68                . = ALIGN (0x8)
 *(.rodata)
 .rodata        0x0000000008005d68       0x48 ./Drivers/CMSIS/system_stm32l4xx.o
                0x0000000008005d68                MSIRangeTable
                0x0000000008005d98                AHBPrescTable
                0x0000000008005da8                APBPrescTable
 .rodata        0x0000000008005db0       0x10 ./Drivers/STM32L4xx_HAL_Driver/stm32l4xx_hal_uart.o
 *(.rodata*)
 .rodata.str1.1
                0x0000000008005dc0      0x293 ./Application/User/main.o
 .rodata.str1.1
                0x0000000008006053      0x437 ./Application/User/vl53l0x/vl53l0x_api_strings.o
                                        0x453 (size before relaxing)
 .rodata.str1.1
                0x000000000800648a      0x122 ./Application/User/vl53l0x/vl53l0x_tof.o
 .rodata._global_impure_ptr
                0x00000000080065ac        0x4 c:/st/stm32cubeide_1.9.0/stm32cubeide/plugins/com.st.stm32cube.ide.mcu.externaltools.gnu-tools-for-stm32.10.3-2021.10.win32_1.0.0.202111181127/tools/bin/../lib/gcc/arm-none-eabi/10.3.1/../../../../arm-none-eabi/lib/thumb/v7e-m+fp/hard\libc_nano.a(lib_a-impure.o)
                0x00000000080065ac                _global_impure_ptr
 .rodata.__sf_fake_stderr
                0x00000000080065b0       0x20 c:/st/stm32cubeide_1.9.0/stm32cubeide/plugins/com.st.stm32cube.ide.mcu.externaltools.gnu-tools-for-stm32.10.3-2021.10.win32_1.0.0.202111181127/tools/bin/../lib/gcc/arm-none-eabi/10.3.1/../../../../arm-none-eabi/lib/thumb/v7e-m+fp/hard\libc_nano.a(lib_a-findfp.o)
                0x00000000080065b0                __sf_fake_stderr
 .rodata.__sf_fake_stdin
                0x00000000080065d0       0x20 c:/st/stm32cubeide_1.9.0/stm32cubeide/plugins/com.st.stm32cube.ide.mcu.externaltools.gnu-tools-for-stm32.10.3-2021.10.win32_1.0.0.202111181127/tools/bin/../lib/gcc/arm-none-eabi/10.3.1/../../../../arm-none-eabi/lib/thumb/v7e-m+fp/hard\libc_nano.a(lib_a-findfp.o)
                0x00000000080065d0                __sf_fake_stdin
 .rodata.__sf_fake_stdout
                0x00000000080065f0       0x20 c:/st/stm32cubeide_1.9.0/stm32cubeide/plugins/com.st.stm32cube.ide.mcu.externaltools.gnu-tools-for-stm32.10.3-2021.10.win32_1.0.0.202111181127/tools/bin/../lib/gcc/arm-none-eabi/10.3.1/../../../../arm-none-eabi/lib/thumb/v7e-m+fp/hard\libc_nano.a(lib_a-findfp.o)
                0x00000000080065f0                __sf_fake_stdout
 .rodata._vfprintf_r.str1.1
                0x0000000008006610       0x11 c:/st/stm32cubeide_1.9.0/stm32cubeide/plugins/com.st.stm32cube.ide.mcu.externaltools.gnu-tools-for-stm32.10.3-2021.10.win32_1.0.0.202111181127/tools/bin/../lib/gcc/arm-none-eabi/10.3.1/../../../../arm-none-eabi/lib/thumb/v7e-m+fp/hard\libc_nano.a(lib_a-nano-vfprintf.o)
 .rodata._printf_i.str1.1
                0x0000000008006621       0x22 c:/st/stm32cubeide_1.9.0/stm32cubeide/plugins/com.st.stm32cube.ide.mcu.externaltools.gnu-tools-for-stm32.10.3-2021.10.win32_1.0.0.202111181127/tools/bin/../lib/gcc/arm-none-eabi/10.3.1/../../../../arm-none-eabi/lib/thumb/v7e-m+fp/hard\libc_nano.a(lib_a-nano-vfprintf_i.o)
                0x0000000008006648                . = ALIGN (0x8)
 *fill*         0x0000000008006643        0x5 

.ARM.extab      0x0000000008006648        0x0
                0x0000000008006648                . = ALIGN (0x8)
 *(.ARM.extab* .gnu.linkonce.armextab.*)
                0x0000000008006648                . = ALIGN (0x8)

.ARM            0x0000000008006648        0x8
                0x0000000008006648                . = ALIGN (0x8)
                0x0000000008006648                __exidx_start = .
 *(.ARM.exidx*)
 .ARM.exidx     0x0000000008006648        0x8 c:/st/stm32cubeide_1.9.0/stm32cubeide/plugins/com.st.stm32cube.ide.mcu.externaltools.gnu-tools-for-stm32.10.3-2021.10.win32_1.0.0.202111181127/tools/bin/../lib/gcc/arm-none-eabi/10.3.1/thumb/v7e-m+fp/hard\libgcc.a(_udivmoddi4.o)
                0x0000000008006650                __exidx_end = .
                0x0000000008006650                . = ALIGN (0x8)

.rel.dyn        0x0000000008006650        0x0
 .rel.iplt      0x0000000008006650        0x0 c:/st/stm32cubeide_1.9.0/stm32cubeide/plugins/com.st.stm32cube.ide.mcu.externaltools.gnu-tools-for-stm32.10.3-2021.10.win32_1.0.0.202111181127/tools/bin/../lib/gcc/arm-none-eabi/10.3.1/thumb/v7e-m+fp/hard/crtbegin.o

.preinit_array  0x0000000008006650        0x0
                0x0000000008006650                . = ALIGN (0x8)
                0x0000000008006650                PROVIDE (__preinit_array_start = .)
 *(.preinit_array*)
                0x0000000008006650                PROVIDE (__preinit_array_end = .)
                0x0000000008006650                . = ALIGN (0x8)

.init_array     0x0000000008006650        0x8
                0x0000000008006650                . = ALIGN (0x8)
                0x0000000008006650                PROVIDE (__init_array_start = .)
 *(SORT_BY_NAME(.init_array.*))
 *(.init_array*)
 .init_array    0x0000000008006650        0x4 c:/st/stm32cubeide_1.9.0/stm32cubeide/plugins/com.st.stm32cube.ide.mcu.externaltools.gnu-tools-for-stm32.10.3-2021.10.win32_1.0.0.202111181127/tools/bin/../lib/gcc/arm-none-eabi/10.3.1/thumb/v7e-m+fp/hard/crtbegin.o
                0x0000000008006654                PROVIDE (__init_array_end = .)
                0x0000000008006658                . = ALIGN (0x8)
 *fill*         0x0000000008006654        0x4 

.fini_array     0x0000000008006658        0x8
                0x0000000008006658                . = ALIGN (0x8)
                [!provide]                        PROVIDE (__fini_array_start = .)
 *(SORT_BY_NAME(.fini_array.*))
 *(.fini_array*)
 .fini_array    0x0000000008006658        0x4 c:/st/stm32cubeide_1.9.0/stm32cubeide/plugins/com.st.stm32cube.ide.mcu.externaltools.gnu-tools-for-stm32.10.3-2021.10.win32_1.0.0.202111181127/tools/bin/../lib/gcc/arm-none-eabi/10.3.1/thumb/v7e-m+fp/hard/crtbegin.o
                [!provide]                        PROVIDE (__fini_array_end = .)
                0x0000000008006660                . = ALIGN (0x8)
 *fill*         0x000000000800665c        0x4 
                0x0000000008006660                _sidata = LOADADDR (.data)

.data           0x0000000020000000      0x4c8 load address 0x0000000008006660
                0x0000000020000000                . = ALIGN (0x8)
                0x0000000020000000                _sdata = .
 *(.data)
 .data          0x0000000020000000      0x188 ./Application/User/main.o
                0x0000000020000000                Dev
 .data          0x0000000020000188      0x2a9 ./Application/User/vl53l0x/vl53l0x_api.o
                0x0000000020000188                InterruptThresholdSettings
                0x000000002000033e                DefaultTuningSettings
 *fill*         0x0000000020000431        0x3 
 .data          0x0000000020000434       0x10 ./Application/User/vl53l0x/vl53l0x_api_calibration.o
                0x0000000020000434                refArrayQuadrants
 .data          0x0000000020000444       0x14 ./Drivers/BSP/B-L475E-IOT01/stm32l475e_iot01.o
                0x0000000020000444                GPIO_PORT
                0x0000000020000448                BUTTON_PORT
                0x000000002000044c                COM_TX_PORT
                0x0000000020000450                COM_RX_PORT
                0x0000000020000454                COM_USART
 .data          0x0000000020000458        0x4 ./Drivers/CMSIS/system_stm32l4xx.o
                0x0000000020000458                SystemCoreClock
 .data          0x000000002000045c        0x8 ./Drivers/STM32L4xx_HAL_Driver/stm32l4xx_hal.o
                0x000000002000045c                uwTickFreq
                0x0000000020000460                uwTickPrio
 *(.data*)
 .data._impure_ptr
                0x0000000020000464        0x4 c:/st/stm32cubeide_1.9.0/stm32cubeide/plugins/com.st.stm32cube.ide.mcu.externaltools.gnu-tools-for-stm32.10.3-2021.10.win32_1.0.0.202111181127/tools/bin/../lib/gcc/arm-none-eabi/10.3.1/../../../../arm-none-eabi/lib/thumb/v7e-m+fp/hard\libc_nano.a(lib_a-impure.o)
                0x0000000020000464                _impure_ptr
 .data.impure_data
                0x0000000020000468       0x60 c:/st/stm32cubeide_1.9.0/stm32cubeide/plugins/com.st.stm32cube.ide.mcu.externaltools.gnu-tools-for-stm32.10.3-2021.10.win32_1.0.0.202111181127/tools/bin/../lib/gcc/arm-none-eabi/10.3.1/../../../../arm-none-eabi/lib/thumb/v7e-m+fp/hard\libc_nano.a(lib_a-impure.o)
                0x00000000200004c8                . = ALIGN (0x8)
                0x00000000200004c8                _edata = .

.igot.plt       0x00000000200004c8        0x0 load address 0x0000000008006b28
 .igot.plt      0x00000000200004c8        0x0 c:/st/stm32cubeide_1.9.0/stm32cubeide/plugins/com.st.stm32cube.ide.mcu.externaltools.gnu-tools-for-stm32.10.3-2021.10.win32_1.0.0.202111181127/tools/bin/../lib/gcc/arm-none-eabi/10.3.1/thumb/v7e-m+fp/hard/crtbegin.o
                0x00000000200004c8                . = ALIGN (0x4)

.bss            0x00000000200004c8      0x148 load address 0x0000000008006b28
                0x00000000200004c8                _sbss = .
                0x00000000200004c8                __bss_start__ = _sbss
 *(.bss)
 .bss           0x00000000200004c8       0x1c c:/st/stm32cubeide_1.9.0/stm32cubeide/plugins/com.st.stm32cube.ide.mcu.externaltools.gnu-tools-for-stm32.10.3-2021.10.win32_1.0.0.202111181127/tools/bin/../lib/gcc/arm-none-eabi/10.3.1/thumb/v7e-m+fp/hard/crtbegin.o
 .bss           0x00000000200004e4        0x8 ./Application/SW4STM32/syscalls.o
                0x00000000200004e8                __env
 .bss           0x00000000200004ec       0x40 ./Application/User/vl53l0x/vl53l0x_tof.o
                0x00000000200004ec                _I2CBuffer
 .bss           0x000000002000052c       0xd0 ./Drivers/BSP/B-L475E-IOT01/stm32l475e_iot01.o
                0x000000002000052c                hI2cHandler
                0x0000000020000578                hDiscoUart
 .bss           0x00000000200005fc        0x4 ./Drivers/STM32L4xx_HAL_Driver/stm32l4xx_hal.o
                0x00000000200005fc                uwTick
 *(.bss*)
 .bss.__lock___malloc_recursive_mutex
                0x0000000020000600        0x1 c:/st/stm32cubeide_1.9.0/stm32cubeide/plugins/com.st.stm32cube.ide.mcu.externaltools.gnu-tools-for-stm32.10.3-2021.10.win32_1.0.0.202111181127/tools/bin/../lib/gcc/arm-none-eabi/10.3.1/../../../../arm-none-eabi/lib/thumb/v7e-m+fp/hard\libc_nano.a(lib_a-lock.o)
                0x0000000020000600                __lock___malloc_recursive_mutex
 .bss.__lock___sfp_recursive_mutex
                0x0000000020000601        0x1 c:/st/stm32cubeide_1.9.0/stm32cubeide/plugins/com.st.stm32cube.ide.mcu.externaltools.gnu-tools-for-stm32.10.3-2021.10.win32_1.0.0.202111181127/tools/bin/../lib/gcc/arm-none-eabi/10.3.1/../../../../arm-none-eabi/lib/thumb/v7e-m+fp/hard\libc_nano.a(lib_a-lock.o)
                0x0000000020000601                __lock___sfp_recursive_mutex
 .bss.__lock___sinit_recursive_mutex
                0x0000000020000602        0x1 c:/st/stm32cubeide_1.9.0/stm32cubeide/plugins/com.st.stm32cube.ide.mcu.externaltools.gnu-tools-for-stm32.10.3-2021.10.win32_1.0.0.202111181127/tools/bin/../lib/gcc/arm-none-eabi/10.3.1/../../../../arm-none-eabi/lib/thumb/v7e-m+fp/hard\libc_nano.a(lib_a-lock.o)
                0x0000000020000602                __lock___sinit_recursive_mutex
 *fill*         0x0000000020000603        0x1 
 .bss.__malloc_free_list
                0x0000000020000604        0x4 c:/st/stm32cubeide_1.9.0/stm32cubeide/plugins/com.st.stm32cube.ide.mcu.externaltools.gnu-tools-for-stm32.10.3-2021.10.win32_1.0.0.202111181127/tools/bin/../lib/gcc/arm-none-eabi/10.3.1/../../../../arm-none-eabi/lib/thumb/v7e-m+fp/hard\libc_nano.a(lib_a-nano-mallocr.o)
                0x0000000020000604                __malloc_free_list
 .bss.__malloc_sbrk_start
                0x0000000020000608        0x4 c:/st/stm32cubeide_1.9.0/stm32cubeide/plugins/com.st.stm32cube.ide.mcu.externaltools.gnu-tools-for-stm32.10.3-2021.10.win32_1.0.0.202111181127/tools/bin/../lib/gcc/arm-none-eabi/10.3.1/../../../../arm-none-eabi/lib/thumb/v7e-m+fp/hard\libc_nano.a(lib_a-nano-mallocr.o)
                0x0000000020000608                __malloc_sbrk_start
 .bss.errno     0x000000002000060c        0x4 c:/st/stm32cubeide_1.9.0/stm32cubeide/plugins/com.st.stm32cube.ide.mcu.externaltools.gnu-tools-for-stm32.10.3-2021.10.win32_1.0.0.202111181127/tools/bin/../lib/gcc/arm-none-eabi/10.3.1/../../../../arm-none-eabi/lib/thumb/v7e-m+fp/hard\libc_nano.a(lib_a-reent.o)
                0x000000002000060c                errno
 *(COMMON)
                0x0000000020000610                . = ALIGN (0x4)
                0x0000000020000610                _ebss = .
                0x0000000020000610                __bss_end__ = _ebss

._user_heap_stack
                0x0000000020000610    0x17000 load address 0x0000000008006b28
                0x0000000020000610                . = ALIGN (0x8)
                0x0000000020000610                PROVIDE (end = .)
                [!provide]                        PROVIDE (_end = .)
                0x0000000020010610                . = (. + _Min_Heap_Size)
 *fill*         0x0000000020000610    0x10000 
                0x0000000020017610                . = (. + _Min_Stack_Size)
 *fill*         0x0000000020010610     0x7000 
                0x0000000020017610                . = ALIGN (0x8)

/DISCARD/
 libc.a(*)
 libm.a(*)
 libgcc.a(*)

.ARM.attributes
                0x0000000000000000       0x30
 *(.ARM.attributes)
 .ARM.attributes
                0x0000000000000000       0x1e c:/st/stm32cubeide_1.9.0/stm32cubeide/plugins/com.st.stm32cube.ide.mcu.externaltools.gnu-tools-for-stm32.10.3-2021.10.win32_1.0.0.202111181127/tools/bin/../lib/gcc/arm-none-eabi/10.3.1/thumb/v7e-m+fp/hard/crti.o
 .ARM.attributes
                0x000000000000001e       0x34 c:/st/stm32cubeide_1.9.0/stm32cubeide/plugins/com.st.stm32cube.ide.mcu.externaltools.gnu-tools-for-stm32.10.3-2021.10.win32_1.0.0.202111181127/tools/bin/../lib/gcc/arm-none-eabi/10.3.1/thumb/v7e-m+fp/hard/crtbegin.o
 .ARM.attributes
                0x0000000000000052       0x21 ./Application/SW4STM32/startup_stm32l475xx.o
 .ARM.attributes
                0x0000000000000073       0x34 ./Application/SW4STM32/syscalls.o
 .ARM.attributes
                0x00000000000000a7       0x34 ./Application/User/main.o
 .ARM.attributes
                0x00000000000000db       0x34 ./Application/User/stm32l4xx_it.o
 .ARM.attributes
                0x000000000000010f       0x34 ./Application/User/vl53l0x/vl53l0x_api.o
 .ARM.attributes
                0x0000000000000143       0x34 ./Application/User/vl53l0x/vl53l0x_api_calibration.o
 .ARM.attributes
                0x0000000000000177       0x34 ./Application/User/vl53l0x/vl53l0x_api_core.o
 .ARM.attributes
                0x00000000000001ab       0x34 ./Application/User/vl53l0x/vl53l0x_api_strings.o
 .ARM.attributes
                0x00000000000001df       0x34 ./Application/User/vl53l0x/vl53l0x_tof.o
 .ARM.attributes
                0x0000000000000213       0x34 ./Drivers/BSP/B-L475E-IOT01/stm32l475e_iot01.o
 .ARM.attributes
                0x0000000000000247       0x34 ./Drivers/CMSIS/system_stm32l4xx.o
 .ARM.attributes
                0x000000000000027b       0x34 ./Drivers/STM32L4xx_HAL_Driver/stm32l4xx_hal.o
 .ARM.attributes
                0x00000000000002af       0x34 ./Drivers/STM32L4xx_HAL_Driver/stm32l4xx_hal_cortex.o
 .ARM.attributes
                0x00000000000002e3       0x34 ./Drivers/STM32L4xx_HAL_Driver/stm32l4xx_hal_gpio.o
 .ARM.attributes
                0x0000000000000317       0x34 ./Drivers/STM32L4xx_HAL_Driver/stm32l4xx_hal_i2c.o
 .ARM.attributes
                0x000000000000034b       0x34 ./Drivers/STM32L4xx_HAL_Driver/stm32l4xx_hal_i2c_ex.o
 .ARM.attributes
                0x000000000000037f       0x34 ./Drivers/STM32L4xx_HAL_Driver/stm32l4xx_hal_pwr_ex.o
 .ARM.attributes
                0x00000000000003b3       0x34 ./Drivers/STM32L4xx_HAL_Driver/stm32l4xx_hal_rcc.o
 .ARM.attributes
                0x00000000000003e7       0x34 ./Drivers/STM32L4xx_HAL_Driver/stm32l4xx_hal_uart.o
 .ARM.attributes
                0x000000000000041b       0x34 c:/st/stm32cubeide_1.9.0/stm32cubeide/plugins/com.st.stm32cube.ide.mcu.externaltools.gnu-tools-for-stm32.10.3-2021.10.win32_1.0.0.202111181127/tools/bin/../lib/gcc/arm-none-eabi/10.3.1/../../../../arm-none-eabi/lib/thumb/v7e-m+fp/hard\libc_nano.a(lib_a-errno.o)
 .ARM.attributes
                0x000000000000044f       0x34 c:/st/stm32cubeide_1.9.0/stm32cubeide/plugins/com.st.stm32cube.ide.mcu.externaltools.gnu-tools-for-stm32.10.3-2021.10.win32_1.0.0.202111181127/tools/bin/../lib/gcc/arm-none-eabi/10.3.1/../../../../arm-none-eabi/lib/thumb/v7e-m+fp/hard\libc_nano.a(lib_a-getchar.o)
 .ARM.attributes
                0x0000000000000483       0x34 c:/st/stm32cubeide_1.9.0/stm32cubeide/plugins/com.st.stm32cube.ide.mcu.externaltools.gnu-tools-for-stm32.10.3-2021.10.win32_1.0.0.202111181127/tools/bin/../lib/gcc/arm-none-eabi/10.3.1/../../../../arm-none-eabi/lib/thumb/v7e-m+fp/hard\libc_nano.a(lib_a-impure.o)
 .ARM.attributes
                0x00000000000004b7       0x34 c:/st/stm32cubeide_1.9.0/stm32cubeide/plugins/com.st.stm32cube.ide.mcu.externaltools.gnu-tools-for-stm32.10.3-2021.10.win32_1.0.0.202111181127/tools/bin/../lib/gcc/arm-none-eabi/10.3.1/../../../../arm-none-eabi/lib/thumb/v7e-m+fp/hard\libc_nano.a(lib_a-init.o)
 .ARM.attributes
                0x00000000000004eb       0x34 c:/st/stm32cubeide_1.9.0/stm32cubeide/plugins/com.st.stm32cube.ide.mcu.externaltools.gnu-tools-for-stm32.10.3-2021.10.win32_1.0.0.202111181127/tools/bin/../lib/gcc/arm-none-eabi/10.3.1/../../../../arm-none-eabi/lib/thumb/v7e-m+fp/hard\libc_nano.a(lib_a-memcpy-stub.o)
 .ARM.attributes
                0x000000000000051f       0x34 c:/st/stm32cubeide_1.9.0/stm32cubeide/plugins/com.st.stm32cube.ide.mcu.externaltools.gnu-tools-for-stm32.10.3-2021.10.win32_1.0.0.202111181127/tools/bin/../lib/gcc/arm-none-eabi/10.3.1/../../../../arm-none-eabi/lib/thumb/v7e-m+fp/hard\libc_nano.a(lib_a-memset.o)
 .ARM.attributes
                0x0000000000000553       0x34 c:/st/stm32cubeide_1.9.0/stm32cubeide/plugins/com.st.stm32cube.ide.mcu.externaltools.gnu-tools-for-stm32.10.3-2021.10.win32_1.0.0.202111181127/tools/bin/../lib/gcc/arm-none-eabi/10.3.1/../../../../arm-none-eabi/lib/thumb/v7e-m+fp/hard\libc_nano.a(lib_a-printf.o)
 .ARM.attributes
                0x0000000000000587       0x34 c:/st/stm32cubeide_1.9.0/stm32cubeide/plugins/com.st.stm32cube.ide.mcu.externaltools.gnu-tools-for-stm32.10.3-2021.10.win32_1.0.0.202111181127/tools/bin/../lib/gcc/arm-none-eabi/10.3.1/../../../../arm-none-eabi/lib/thumb/v7e-m+fp/hard\libc_nano.a(lib_a-puts.o)
 .ARM.attributes
                0x00000000000005bb       0x34 c:/st/stm32cubeide_1.9.0/stm32cubeide/plugins/com.st.stm32cube.ide.mcu.externaltools.gnu-tools-for-stm32.10.3-2021.10.win32_1.0.0.202111181127/tools/bin/../lib/gcc/arm-none-eabi/10.3.1/../../../../arm-none-eabi/lib/thumb/v7e-m+fp/hard\libc_nano.a(lib_a-strcpy.o)
 .ARM.attributes
                0x00000000000005ef       0x34 c:/st/stm32cubeide_1.9.0/stm32cubeide/plugins/com.st.stm32cube.ide.mcu.externaltools.gnu-tools-for-stm32.10.3-2021.10.win32_1.0.0.202111181127/tools/bin/../lib/gcc/arm-none-eabi/10.3.1/../../../../arm-none-eabi/lib/thumb/v7e-m+fp/hard\libc_nano.a(lib_a-wbuf.o)
 .ARM.attributes
                0x0000000000000623       0x34 c:/st/stm32cubeide_1.9.0/stm32cubeide/plugins/com.st.stm32cube.ide.mcu.externaltools.gnu-tools-for-stm32.10.3-2021.10.win32_1.0.0.202111181127/tools/bin/../lib/gcc/arm-none-eabi/10.3.1/../../../../arm-none-eabi/lib/thumb/v7e-m+fp/hard\libc_nano.a(lib_a-wsetup.o)
 .ARM.attributes
                0x0000000000000657       0x34 c:/st/stm32cubeide_1.9.0/stm32cubeide/plugins/com.st.stm32cube.ide.mcu.externaltools.gnu-tools-for-stm32.10.3-2021.10.win32_1.0.0.202111181127/tools/bin/../lib/gcc/arm-none-eabi/10.3.1/../../../../arm-none-eabi/lib/thumb/v7e-m+fp/hard\libc_nano.a(lib_a-fflush.o)
 .ARM.attributes
                0x000000000000068b       0x34 c:/st/stm32cubeide_1.9.0/stm32cubeide/plugins/com.st.stm32cube.ide.mcu.externaltools.gnu-tools-for-stm32.10.3-2021.10.win32_1.0.0.202111181127/tools/bin/../lib/gcc/arm-none-eabi/10.3.1/../../../../arm-none-eabi/lib/thumb/v7e-m+fp/hard\libc_nano.a(lib_a-findfp.o)
 .ARM.attributes
                0x00000000000006bf       0x34 c:/st/stm32cubeide_1.9.0/stm32cubeide/plugins/com.st.stm32cube.ide.mcu.externaltools.gnu-tools-for-stm32.10.3-2021.10.win32_1.0.0.202111181127/tools/bin/../lib/gcc/arm-none-eabi/10.3.1/../../../../arm-none-eabi/lib/thumb/v7e-m+fp/hard\libc_nano.a(lib_a-fwalk.o)
 .ARM.attributes
                0x00000000000006f3       0x34 c:/st/stm32cubeide_1.9.0/stm32cubeide/plugins/com.st.stm32cube.ide.mcu.externaltools.gnu-tools-for-stm32.10.3-2021.10.win32_1.0.0.202111181127/tools/bin/../lib/gcc/arm-none-eabi/10.3.1/../../../../arm-none-eabi/lib/thumb/v7e-m+fp/hard\libc_nano.a(lib_a-getc.o)
 .ARM.attributes
                0x0000000000000727       0x34 c:/st/stm32cubeide_1.9.0/stm32cubeide/plugins/com.st.stm32cube.ide.mcu.externaltools.gnu-tools-for-stm32.10.3-2021.10.win32_1.0.0.202111181127/tools/bin/../lib/gcc/arm-none-eabi/10.3.1/../../../../arm-none-eabi/lib/thumb/v7e-m+fp/hard\libc_nano.a(lib_a-lock.o)
 .ARM.attributes
                0x000000000000075b       0x34 c:/st/stm32cubeide_1.9.0/stm32cubeide/plugins/com.st.stm32cube.ide.mcu.externaltools.gnu-tools-for-stm32.10.3-2021.10.win32_1.0.0.202111181127/tools/bin/../lib/gcc/arm-none-eabi/10.3.1/../../../../arm-none-eabi/lib/thumb/v7e-m+fp/hard\libc_nano.a(lib_a-makebuf.o)
 .ARM.attributes
                0x000000000000078f       0x34 c:/st/stm32cubeide_1.9.0/stm32cubeide/plugins/com.st.stm32cube.ide.mcu.externaltools.gnu-tools-for-stm32.10.3-2021.10.win32_1.0.0.202111181127/tools/bin/../lib/gcc/arm-none-eabi/10.3.1/../../../../arm-none-eabi/lib/thumb/v7e-m+fp/hard\libc_nano.a(lib_a-nano-freer.o)
 .ARM.attributes
                0x00000000000007c3       0x34 c:/st/stm32cubeide_1.9.0/stm32cubeide/plugins/com.st.stm32cube.ide.mcu.externaltools.gnu-tools-for-stm32.10.3-2021.10.win32_1.0.0.202111181127/tools/bin/../lib/gcc/arm-none-eabi/10.3.1/../../../../arm-none-eabi/lib/thumb/v7e-m+fp/hard\libc_nano.a(lib_a-nano-mallocr.o)
 .ARM.attributes
                0x00000000000007f7       0x34 c:/st/stm32cubeide_1.9.0/stm32cubeide/plugins/com.st.stm32cube.ide.mcu.externaltools.gnu-tools-for-stm32.10.3-2021.10.win32_1.0.0.202111181127/tools/bin/../lib/gcc/arm-none-eabi/10.3.1/../../../../arm-none-eabi/lib/thumb/v7e-m+fp/hard\libc_nano.a(lib_a-nano-vfprintf.o)
 .ARM.attributes
                0x000000000000082b       0x34 c:/st/stm32cubeide_1.9.0/stm32cubeide/plugins/com.st.stm32cube.ide.mcu.externaltools.gnu-tools-for-stm32.10.3-2021.10.win32_1.0.0.202111181127/tools/bin/../lib/gcc/arm-none-eabi/10.3.1/../../../../arm-none-eabi/lib/thumb/v7e-m+fp/hard\libc_nano.a(lib_a-nano-vfprintf_i.o)
 .ARM.attributes
                0x000000000000085f       0x34 c:/st/stm32cubeide_1.9.0/stm32cubeide/plugins/com.st.stm32cube.ide.mcu.externaltools.gnu-tools-for-stm32.10.3-2021.10.win32_1.0.0.202111181127/tools/bin/../lib/gcc/arm-none-eabi/10.3.1/../../../../arm-none-eabi/lib/thumb/v7e-m+fp/hard\libc_nano.a(lib_a-rget.o)
 .ARM.attributes
                0x0000000000000893       0x34 c:/st/stm32cubeide_1.9.0/stm32cubeide/plugins/com.st.stm32cube.ide.mcu.externaltools.gnu-tools-for-stm32.10.3-2021.10.win32_1.0.0.202111181127/tools/bin/../lib/gcc/arm-none-eabi/10.3.1/../../../../arm-none-eabi/lib/thumb/v7e-m+fp/hard\libc_nano.a(lib_a-sbrkr.o)
 .ARM.attributes
                0x00000000000008c7       0x34 c:/st/stm32cubeide_1.9.0/stm32cubeide/plugins/com.st.stm32cube.ide.mcu.externaltools.gnu-tools-for-stm32.10.3-2021.10.win32_1.0.0.202111181127/tools/bin/../lib/gcc/arm-none-eabi/10.3.1/../../../../arm-none-eabi/lib/thumb/v7e-m+fp/hard\libc_nano.a(lib_a-stdio.o)
 .ARM.attributes
                0x00000000000008fb       0x34 c:/st/stm32cubeide_1.9.0/stm32cubeide/plugins/com.st.stm32cube.ide.mcu.externaltools.gnu-tools-for-stm32.10.3-2021.10.win32_1.0.0.202111181127/tools/bin/../lib/gcc/arm-none-eabi/10.3.1/../../../../arm-none-eabi/lib/thumb/v7e-m+fp/hard\libc_nano.a(lib_a-writer.o)
 .ARM.attributes
                0x000000000000092f       0x34 c:/st/stm32cubeide_1.9.0/stm32cubeide/plugins/com.st.stm32cube.ide.mcu.externaltools.gnu-tools-for-stm32.10.3-2021.10.win32_1.0.0.202111181127/tools/bin/../lib/gcc/arm-none-eabi/10.3.1/../../../../arm-none-eabi/lib/thumb/v7e-m+fp/hard\libc_nano.a(lib_a-closer.o)
 .ARM.attributes
                0x0000000000000963       0x34 c:/st/stm32cubeide_1.9.0/stm32cubeide/plugins/com.st.stm32cube.ide.mcu.externaltools.gnu-tools-for-stm32.10.3-2021.10.win32_1.0.0.202111181127/tools/bin/../lib/gcc/arm-none-eabi/10.3.1/../../../../arm-none-eabi/lib/thumb/v7e-m+fp/hard\libc_nano.a(lib_a-fstatr.o)
 .ARM.attributes
                0x0000000000000997       0x34 c:/st/stm32cubeide_1.9.0/stm32cubeide/plugins/com.st.stm32cube.ide.mcu.externaltools.gnu-tools-for-stm32.10.3-2021.10.win32_1.0.0.202111181127/tools/bin/../lib/gcc/arm-none-eabi/10.3.1/../../../../arm-none-eabi/lib/thumb/v7e-m+fp/hard\libc_nano.a(lib_a-isattyr.o)
 .ARM.attributes
                0x00000000000009cb       0x34 c:/st/stm32cubeide_1.9.0/stm32cubeide/plugins/com.st.stm32cube.ide.mcu.externaltools.gnu-tools-for-stm32.10.3-2021.10.win32_1.0.0.202111181127/tools/bin/../lib/gcc/arm-none-eabi/10.3.1/../../../../arm-none-eabi/lib/thumb/v7e-m+fp/hard\libc_nano.a(lib_a-lseekr.o)
 .ARM.attributes
                0x00000000000009ff       0x1c c:/st/stm32cubeide_1.9.0/stm32cubeide/plugins/com.st.stm32cube.ide.mcu.externaltools.gnu-tools-for-stm32.10.3-2021.10.win32_1.0.0.202111181127/tools/bin/../lib/gcc/arm-none-eabi/10.3.1/../../../../arm-none-eabi/lib/thumb/v7e-m+fp/hard\libc_nano.a(lib_a-memchr.o)
 .ARM.attributes
                0x0000000000000a1b       0x34 c:/st/stm32cubeide_1.9.0/stm32cubeide/plugins/com.st.stm32cube.ide.mcu.externaltools.gnu-tools-for-stm32.10.3-2021.10.win32_1.0.0.202111181127/tools/bin/../lib/gcc/arm-none-eabi/10.3.1/../../../../arm-none-eabi/lib/thumb/v7e-m+fp/hard\libc_nano.a(lib_a-mlock.o)
 .ARM.attributes
                0x0000000000000a4f       0x34 c:/st/stm32cubeide_1.9.0/stm32cubeide/plugins/com.st.stm32cube.ide.mcu.externaltools.gnu-tools-for-stm32.10.3-2021.10.win32_1.0.0.202111181127/tools/bin/../lib/gcc/arm-none-eabi/10.3.1/../../../../arm-none-eabi/lib/thumb/v7e-m+fp/hard\libc_nano.a(lib_a-readr.o)
 .ARM.attributes
                0x0000000000000a83       0x34 c:/st/stm32cubeide_1.9.0/stm32cubeide/plugins/com.st.stm32cube.ide.mcu.externaltools.gnu-tools-for-stm32.10.3-2021.10.win32_1.0.0.202111181127/tools/bin/../lib/gcc/arm-none-eabi/10.3.1/../../../../arm-none-eabi/lib/thumb/v7e-m+fp/hard\libc_nano.a(lib_a-reent.o)
 .ARM.attributes
                0x0000000000000ab7       0x34 c:/st/stm32cubeide_1.9.0/stm32cubeide/plugins/com.st.stm32cube.ide.mcu.externaltools.gnu-tools-for-stm32.10.3-2021.10.win32_1.0.0.202111181127/tools/bin/../lib/gcc/arm-none-eabi/10.3.1/../../../../arm-none-eabi/lib/thumb/v7e-m+fp/hard\libc_nano.a(lib_a-refill.o)
 .ARM.attributes
                0x0000000000000aeb       0x1e c:/st/stm32cubeide_1.9.0/stm32cubeide/plugins/com.st.stm32cube.ide.mcu.externaltools.gnu-tools-for-stm32.10.3-2021.10.win32_1.0.0.202111181127/tools/bin/../lib/gcc/arm-none-eabi/10.3.1/thumb/v7e-m+fp/hard\libgcc.a(_aeabi_uldivmod.o)
 .ARM.attributes
                0x0000000000000b09       0x34 c:/st/stm32cubeide_1.9.0/stm32cubeide/plugins/com.st.stm32cube.ide.mcu.externaltools.gnu-tools-for-stm32.10.3-2021.10.win32_1.0.0.202111181127/tools/bin/../lib/gcc/arm-none-eabi/10.3.1/thumb/v7e-m+fp/hard\libgcc.a(_udivmoddi4.o)
 .ARM.attributes
                0x0000000000000b3d       0x1e c:/st/stm32cubeide_1.9.0/stm32cubeide/plugins/com.st.stm32cube.ide.mcu.externaltools.gnu-tools-for-stm32.10.3-2021.10.win32_1.0.0.202111181127/tools/bin/../lib/gcc/arm-none-eabi/10.3.1/thumb/v7e-m+fp/hard\libgcc.a(_dvmd_tls.o)
 .ARM.attributes
                0x0000000000000b5b       0x1e c:/st/stm32cubeide_1.9.0/stm32cubeide/plugins/com.st.stm32cube.ide.mcu.externaltools.gnu-tools-for-stm32.10.3-2021.10.win32_1.0.0.202111181127/tools/bin/../lib/gcc/arm-none-eabi/10.3.1/thumb/v7e-m+fp/hard/crtn.o
OUTPUT(B-L475E-IOT01.elf elf32-littlearm)
LOAD linker stubs
LOAD c:/st/stm32cubeide_1.9.0/stm32cubeide/plugins/com.st.stm32cube.ide.mcu.externaltools.gnu-tools-for-stm32.10.3-2021.10.win32_1.0.0.202111181127/tools/bin/../lib/gcc/arm-none-eabi/10.3.1/../../../../arm-none-eabi/lib/thumb/v7e-m+fp/hard\libc.a
LOAD c:/st/stm32cubeide_1.9.0/stm32cubeide/plugins/com.st.stm32cube.ide.mcu.externaltools.gnu-tools-for-stm32.10.3-2021.10.win32_1.0.0.202111181127/tools/bin/../lib/gcc/arm-none-eabi/10.3.1/../../../../arm-none-eabi/lib/thumb/v7e-m+fp/hard\libm.a
LOAD c:/st/stm32cubeide_1.9.0/stm32cubeide/plugins/com.st.stm32cube.ide.mcu.externaltools.gnu-tools-for-stm32.10.3-2021.10.win32_1.0.0.202111181127/tools/bin/../lib/gcc/arm-none-eabi/10.3.1/thumb/v7e-m+fp/hard\libgcc.a

.debug_line     0x0000000000000000    0x1b922
 .debug_line    0x0000000000000000       0xee ./Application/SW4STM32/startup_stm32l475xx.o
 .debug_line    0x00000000000000ee      0x93c ./Application/SW4STM32/syscalls.o
 .debug_line    0x0000000000000a2a      0xda8 ./Application/User/main.o